Loaded module: cuda/11.6
wandb: [wandb.login()] Loaded credentials for https://api.wandb.ai from WANDB_API_KEY.
wandb: Currently logged in as: lucasrgpedersen (lucasrgpedersen-dtu) to https://api.wandb.ai. Use `wandb login --relogin` to force relogin
wandb: setting up run n5yrif2s
wandb: Tracking run with wandb version 0.25.1
wandb: Run data is saved locally in /zhome/2e/b/205201/Desktop/dm-i-ai-2025/wandb/run-20260402_234919-n5yrif2s
wandb: Run `wandb offline` to turn off syncing.
wandb: Syncing run model_a
wandb: ⭐️ View project at https://wandb.ai/lucasrgpedersen-dtu/laneshift-worldmodel
wandb: 🚀 View run at https://wandb.ai/lucasrgpedersen-dtu/laneshift-worldmodel/runs/n5yrif2s
wandb: updating run metadata
wandb: uploading config.yaml; uploading output.log; uploading wandb-summary.json
wandb: uploading history steps 228-228, summary, console lines 333-336
wandb: 
wandb: Run history:
wandb:      epoch ▁▁▂▂▂▂▂▂▂▂▂▂▃▃▃▃▃▃▃▃▄▄▄▄▅▅▅▅▅▆▆▆▇▇▇▇▇▇██
wandb:         lr ██████████▇▇▇▇▇▆▆▆▅▅▅▅▅▅▅▅▅▅▄▄▃▃▃▃▂▂▂▂▁▁
wandb: train/loss █▆▄▄▂▂▂▂▂▂▂▂▂▂▂▁▁▁▁▁▁▁▁▁▁▁▁▁▁▁▁▁▁▁▁▁▁▁▁▁
wandb:  train/pos █▇▅▅▄▄▄▃▃▃▂▂▂▂▂▂▂▂▂▂▂▂▂▁▁▁▁▁▁▁▁▁▁▁▁▁▁▁▁▁
wandb:  train/vel █▃▂▂▂▂▂▁▁▁▁▁▁▁▁▁▁▁▁▁▁▁▁▁▁▁▁▁▁▁▁▁▁▁▁▁▁▁▁▁
wandb:   val/loss █▅▄▄▄▂▂▂▂▂▂▂▂▂▂▂▂▂▂▂▂▂▂▂▂▁▁▁▂▁▁▁▁▁▁▁▁▁▁▁
wandb:    val/pos █▅▄▄▄▃▃▃▃▃▂▂▂▂▂▁▁▁▁▁▁▁▁▁▁▁▁▁▁▁▁▁▁▁▁▁▁▁▁▁
wandb:    val/vel █▆▃▂▂▂▁▂▁▁▁▁▁▁▁▁▁▁▁▁▁▁▁▁▁▁▁▁▁▁▁▁▁▁▁▁▁▁▁▁
wandb: 
wandb: Run summary:
wandb: best_val_loss 2.30504
wandb:         epoch 229
wandb:            lr 0.0003
wandb:    train/loss 2.27658
wandb:     train/pos 1.79704
wandb:     train/vel 4.79537
wandb:      val/loss 2.31476
wandb:       val/pos 1.81635
wandb:       val/vel 4.98405
wandb: 
wandb: 🚀 View run model_a at: https://wandb.ai/lucasrgpedersen-dtu/laneshift-worldmodel/runs/n5yrif2s
wandb: ⭐️ View project at: https://wandb.ai/lucasrgpedersen-dtu/laneshift-worldmodel
wandb: Synced 5 W&B file(s), 0 media file(s), 0 artifact file(s) and 0 other file(s)
wandb: Find logs at: ./wandb/run-20260402_234919-n5yrif2s/logs
