Device: cuda
Loading laneshift_dataset.npz …
  split=train  games=8100  segments=156190
Loading laneshift_dataset.npz …
  split=val  games=1000  segments=18822
Model: model_a_lg  |  Parameters: 796,050
Epoch 001/5000  train_loss=5.6457 (pos=3.6606 vel=19.8511)  val_loss=5.2165 (pos=3.4908 vel=17.2572)  lr=3.00e-04  t=83s
  ✓ New best val_loss=5.2165 saved to race-car/WorldModel/checkpoints/model_a_lg_best.pt
Epoch 002/5000  train_loss=5.0874 (pos=3.4069 vel=16.8046)  val_loss=4.9705 (pos=3.3308 vel=16.3965)  lr=3.00e-04  t=82s
  ✓ New best val_loss=4.9705 saved to race-car/WorldModel/checkpoints/model_a_lg_best.pt
Epoch 003/5000  train_loss=4.9018 (pos=3.2879 vel=16.1385)  val_loss=4.8155 (pos=3.2369 vel=15.7858)  lr=3.00e-04  t=82s
  ✓ New best val_loss=4.8155 saved to race-car/WorldModel/checkpoints/model_a_lg_best.pt
Epoch 004/5000  train_loss=4.7866 (pos=3.2103 vel=15.7629)  val_loss=4.7050 (pos=3.1653 vel=15.3974)  lr=3.00e-04  t=82s
  ✓ New best val_loss=4.7050 saved to race-car/WorldModel/checkpoints/model_a_lg_best.pt
Epoch 005/5000  train_loss=4.5864 (pos=3.1186 vel=14.6789)  val_loss=4.4648 (pos=3.0589 vel=14.0582)  lr=3.00e-04  t=82s
  ✓ New best val_loss=4.4648 saved to race-car/WorldModel/checkpoints/model_a_lg_best.pt
Epoch 006/5000  train_loss=4.3293 (pos=2.9951 vel=13.3421)  val_loss=4.2002 (pos=2.9269 vel=12.7335)  lr=3.00e-04  t=82s
  ✓ New best val_loss=4.2002 saved to race-car/WorldModel/checkpoints/model_a_lg_best.pt
Epoch 007/5000  train_loss=4.0519 (pos=2.8663 vel=11.8561)  val_loss=3.9288 (pos=2.8068 vel=11.2203)  lr=3.00e-04  t=82s
  ✓ New best val_loss=3.9288 saved to race-car/WorldModel/checkpoints/model_a_lg_best.pt
Epoch 008/5000  train_loss=3.8389 (pos=2.7669 vel=10.7201)  val_loss=3.7850 (pos=2.7273 vel=10.5770)  lr=3.00e-04  t=82s
  ✓ New best val_loss=3.7850 saved to race-car/WorldModel/checkpoints/model_a_lg_best.pt
Epoch 009/5000  train_loss=3.6694 (pos=2.6828 vel=9.8660)  val_loss=3.5922 (pos=2.6417 vel=9.5049)  lr=3.00e-04  t=82s
  ✓ New best val_loss=3.5922 saved to race-car/WorldModel/checkpoints/model_a_lg_best.pt
Epoch 010/5000  train_loss=3.5312 (pos=2.6100 vel=9.2119)  val_loss=3.4685 (pos=2.5722 vel=8.9626)  lr=3.00e-04  t=82s
  ✓ New best val_loss=3.4685 saved to race-car/WorldModel/checkpoints/model_a_lg_best.pt
Epoch 011/5000  train_loss=3.4304 (pos=2.5520 vel=8.7839)  val_loss=3.3962 (pos=2.5255 vel=8.7065)  lr=3.00e-04  t=82s
  ✓ New best val_loss=3.3962 saved to race-car/WorldModel/checkpoints/model_a_lg_best.pt
Epoch 012/5000  train_loss=3.3459 (pos=2.5022 vel=8.4362)  val_loss=3.3231 (pos=2.4887 vel=8.3436)  lr=3.00e-04  t=82s
  ✓ New best val_loss=3.3231 saved to race-car/WorldModel/checkpoints/model_a_lg_best.pt
Epoch 013/5000  train_loss=3.2695 (pos=2.4586 vel=8.1085)  val_loss=3.2490 (pos=2.4406 vel=8.0846)  lr=3.00e-04  t=82s
  ✓ New best val_loss=3.2490 saved to race-car/WorldModel/checkpoints/model_a_lg_best.pt
Epoch 014/5000  train_loss=3.1937 (pos=2.4164 vel=7.7731)  val_loss=3.1720 (pos=2.4002 vel=7.7179)  lr=3.00e-04  t=82s
  ✓ New best val_loss=3.1720 saved to race-car/WorldModel/checkpoints/model_a_lg_best.pt
Epoch 015/5000  train_loss=3.1322 (pos=2.3821 vel=7.5007)  val_loss=3.1038 (pos=2.3634 vel=7.4040)  lr=3.00e-04  t=82s
  ✓ New best val_loss=3.1038 saved to race-car/WorldModel/checkpoints/model_a_lg_best.pt
Epoch 016/5000  train_loss=3.0717 (pos=2.3493 vel=7.2236)  val_loss=3.0566 (pos=2.3372 vel=7.1940)  lr=3.00e-04  t=82s
  ✓ New best val_loss=3.0566 saved to race-car/WorldModel/checkpoints/model_a_lg_best.pt
Epoch 017/5000  train_loss=3.0196 (pos=2.3209 vel=6.9870)  val_loss=3.0162 (pos=2.3090 vel=7.0724)  lr=3.00e-04  t=82s
  ✓ New best val_loss=3.0162 saved to race-car/WorldModel/checkpoints/model_a_lg_best.pt
Epoch 018/5000  train_loss=2.9723 (pos=2.2948 vel=6.7755)  val_loss=2.9654 (pos=2.2844 vel=6.8095)  lr=3.00e-04  t=82s
  ✓ New best val_loss=2.9654 saved to race-car/WorldModel/checkpoints/model_a_lg_best.pt
Epoch 019/5000  train_loss=2.9340 (pos=2.2725 vel=6.6153)  val_loss=2.9373 (pos=2.2674 vel=6.6986)  lr=3.00e-04  t=82s
  ✓ New best val_loss=2.9373 saved to race-car/WorldModel/checkpoints/model_a_lg_best.pt
Epoch 020/5000  train_loss=2.9012 (pos=2.2527 vel=6.4847)  val_loss=2.8931 (pos=2.2451 vel=6.4804)  lr=3.00e-04  t=82s
  ✓ New best val_loss=2.8931 saved to race-car/WorldModel/checkpoints/model_a_lg_best.pt
Epoch 021/5000  train_loss=2.8688 (pos=2.2337 vel=6.3516)  val_loss=2.8820 (pos=2.2322 vel=6.4977)  lr=3.00e-04  t=82s
  ✓ New best val_loss=2.8820 saved to race-car/WorldModel/checkpoints/model_a_lg_best.pt
Epoch 022/5000  train_loss=2.8469 (pos=2.2172 vel=6.2969)  val_loss=2.8436 (pos=2.2103 vel=6.3338)  lr=3.00e-04  t=82s
  ✓ New best val_loss=2.8436 saved to race-car/WorldModel/checkpoints/model_a_lg_best.pt
Epoch 023/5000  train_loss=2.8187 (pos=2.2009 vel=6.1781)  val_loss=2.8175 (pos=2.1934 vel=6.2416)  lr=3.00e-04  t=82s
  ✓ New best val_loss=2.8175 saved to race-car/WorldModel/checkpoints/model_a_lg_best.pt
Epoch 024/5000  train_loss=2.7946 (pos=2.1853 vel=6.0932)  val_loss=2.7990 (pos=2.1812 vel=6.1779)  lr=3.00e-04  t=82s
  ✓ New best val_loss=2.7990 saved to race-car/WorldModel/checkpoints/model_a_lg_best.pt
Epoch 025/5000  train_loss=2.7705 (pos=2.1701 vel=6.0042)  val_loss=2.7878 (pos=2.1714 vel=6.1643)  lr=3.00e-04  t=82s
  ✓ New best val_loss=2.7878 saved to race-car/WorldModel/checkpoints/model_a_lg_best.pt
Epoch 026/5000  train_loss=2.7577 (pos=2.1595 vel=5.9826)  val_loss=2.7667 (pos=2.1581 vel=6.0854)  lr=3.00e-04  t=82s
  ✓ New best val_loss=2.7667 saved to race-car/WorldModel/checkpoints/model_a_lg_best.pt
Epoch 027/5000  train_loss=2.7385 (pos=2.1465 vel=5.9200)  val_loss=2.7592 (pos=2.1508 vel=6.0838)  lr=3.00e-04  t=82s
  ✓ New best val_loss=2.7592 saved to race-car/WorldModel/checkpoints/model_a_lg_best.pt
Epoch 028/5000  train_loss=2.7204 (pos=2.1338 vel=5.8658)  val_loss=2.7165 (pos=2.1289 vel=5.8767)  lr=3.00e-04  t=82s
  ✓ New best val_loss=2.7165 saved to race-car/WorldModel/checkpoints/model_a_lg_best.pt
Epoch 029/5000  train_loss=2.7073 (pos=2.1246 vel=5.8271)  val_loss=2.7154 (pos=2.1213 vel=5.9404)  lr=3.00e-04  t=82s
  ✓ New best val_loss=2.7154 saved to race-car/WorldModel/checkpoints/model_a_lg_best.pt
Epoch 030/5000  train_loss=2.6916 (pos=2.1139 vel=5.7771)  val_loss=2.7016 (pos=2.1140 vel=5.8759)  lr=3.00e-04  t=82s
  ✓ New best val_loss=2.7016 saved to race-car/WorldModel/checkpoints/model_a_lg_best.pt
Epoch 031/5000  train_loss=2.6799 (pos=2.1054 vel=5.7450)  val_loss=2.7098 (pos=2.1153 vel=5.9455)  lr=3.00e-04  t=82s
Epoch 032/5000  train_loss=2.6746 (pos=2.0995 vel=5.7510)  val_loss=2.6962 (pos=2.1086 vel=5.8763)  lr=3.00e-04  t=82s
  ✓ New best val_loss=2.6962 saved to race-car/WorldModel/checkpoints/model_a_lg_best.pt
Epoch 033/5000  train_loss=2.6551 (pos=2.0879 vel=5.6723)  val_loss=2.6625 (pos=2.0865 vel=5.7598)  lr=3.00e-04  t=82s
  ✓ New best val_loss=2.6625 saved to race-car/WorldModel/checkpoints/model_a_lg_best.pt
Epoch 034/5000  train_loss=2.6404 (pos=2.0782 vel=5.6223)  val_loss=2.6617 (pos=2.0857 vel=5.7602)  lr=3.00e-04  t=82s
  ✓ New best val_loss=2.6617 saved to race-car/WorldModel/checkpoints/model_a_lg_best.pt
Epoch 035/5000  train_loss=2.6305 (pos=2.0705 vel=5.6001)  val_loss=2.6485 (pos=2.0752 vel=5.7329)  lr=3.00e-04  t=82s
  ✓ New best val_loss=2.6485 saved to race-car/WorldModel/checkpoints/model_a_lg_best.pt
Epoch 036/5000  train_loss=2.6247 (pos=2.0643 vel=5.6036)  val_loss=2.6425 (pos=2.0676 vel=5.7492)  lr=3.00e-04  t=82s
  ✓ New best val_loss=2.6425 saved to race-car/WorldModel/checkpoints/model_a_lg_best.pt
Epoch 037/5000  train_loss=2.6108 (pos=2.0559 vel=5.5494)  val_loss=2.6291 (pos=2.0599 vel=5.6920)  lr=3.00e-04  t=82s
  ✓ New best val_loss=2.6291 saved to race-car/WorldModel/checkpoints/model_a_lg_best.pt
Epoch 038/5000  train_loss=2.6011 (pos=2.0486 vel=5.5252)  val_loss=2.6116 (pos=2.0498 vel=5.6179)  lr=3.00e-04  t=82s
  ✓ New best val_loss=2.6116 saved to race-car/WorldModel/checkpoints/model_a_lg_best.pt
Epoch 039/5000  train_loss=2.5898 (pos=2.0407 vel=5.4914)  val_loss=2.6047 (pos=2.0435 vel=5.6123)  lr=3.00e-04  t=82s
  ✓ New best val_loss=2.6047 saved to race-car/WorldModel/checkpoints/model_a_lg_best.pt
Epoch 040/5000  train_loss=2.5853 (pos=2.0361 vel=5.4921)  val_loss=2.5908 (pos=2.0346 vel=5.5620)  lr=3.00e-04  t=82s
  ✓ New best val_loss=2.5908 saved to race-car/WorldModel/checkpoints/model_a_lg_best.pt
Epoch 041/5000  train_loss=2.5748 (pos=2.0291 vel=5.4573)  val_loss=2.5971 (pos=2.0359 vel=5.6117)  lr=3.00e-04  t=82s
Epoch 042/5000  train_loss=2.5693 (pos=2.0242 vel=5.4512)  val_loss=2.5875 (pos=2.0320 vel=5.5551)  lr=3.00e-04  t=82s
  ✓ New best val_loss=2.5875 saved to race-car/WorldModel/checkpoints/model_a_lg_best.pt
Epoch 043/5000  train_loss=2.5619 (pos=2.0186 vel=5.4334)  val_loss=2.5903 (pos=2.0297 vel=5.6061)  lr=3.00e-04  t=82s
Epoch 044/5000  train_loss=2.5573 (pos=2.0144 vel=5.4289)  val_loss=2.5693 (pos=2.0172 vel=5.5206)  lr=3.00e-04  t=82s
  ✓ New best val_loss=2.5693 saved to race-car/WorldModel/checkpoints/model_a_lg_best.pt
Epoch 045/5000  train_loss=2.5431 (pos=2.0057 vel=5.3748)  val_loss=2.5684 (pos=2.0129 vel=5.5553)  lr=3.00e-04  t=82s
  ✓ New best val_loss=2.5684 saved to race-car/WorldModel/checkpoints/model_a_lg_best.pt
Epoch 046/5000  train_loss=2.5372 (pos=2.0012 vel=5.3592)  val_loss=2.5666 (pos=2.0126 vel=5.5401)  lr=3.00e-04  t=82s
  ✓ New best val_loss=2.5666 saved to race-car/WorldModel/checkpoints/model_a_lg_best.pt
Epoch 047/5000  train_loss=2.5320 (pos=1.9970 vel=5.3504)  val_loss=2.5415 (pos=1.9982 vel=5.4326)  lr=3.00e-04  t=82s
  ✓ New best val_loss=2.5415 saved to race-car/WorldModel/checkpoints/model_a_lg_best.pt
Epoch 048/5000  train_loss=2.5210 (pos=1.9896 vel=5.3136)  val_loss=2.5468 (pos=1.9980 vel=5.4875)  lr=3.00e-04  t=82s
Epoch 049/5000  train_loss=2.5189 (pos=1.9869 vel=5.3196)  val_loss=2.5547 (pos=1.9999 vel=5.5477)  lr=3.00e-04  t=82s
Epoch 050/5000  train_loss=2.5079 (pos=1.9797 vel=5.2820)  val_loss=2.5319 (pos=1.9894 vel=5.4250)  lr=3.00e-04  t=82s
  ✓ New best val_loss=2.5319 saved to race-car/WorldModel/checkpoints/model_a_lg_best.pt
Epoch 051/5000  train_loss=2.5027 (pos=1.9758 vel=5.2698)  val_loss=2.5348 (pos=1.9871 vel=5.4776)  lr=3.00e-04  t=82s
Epoch 052/5000  train_loss=2.4982 (pos=1.9718 vel=5.2641)  val_loss=2.5200 (pos=1.9807 vel=5.3930)  lr=3.00e-04  t=82s
  ✓ New best val_loss=2.5200 saved to race-car/WorldModel/checkpoints/model_a_lg_best.pt
Epoch 053/5000  train_loss=2.4940 (pos=1.9683 vel=5.2574)  val_loss=2.5232 (pos=1.9799 vel=5.4325)  lr=3.00e-04  t=82s
Epoch 054/5000  train_loss=2.4857 (pos=1.9634 vel=5.2231)  val_loss=2.5069 (pos=1.9700 vel=5.3688)  lr=3.00e-04  t=82s
  ✓ New best val_loss=2.5069 saved to race-car/WorldModel/checkpoints/model_a_lg_best.pt
Epoch 055/5000  train_loss=2.4782 (pos=1.9583 vel=5.1993)  val_loss=2.5236 (pos=1.9782 vel=5.4545)  lr=3.00e-04  t=82s
Epoch 056/5000  train_loss=2.4743 (pos=1.9548 vel=5.1953)  val_loss=2.4992 (pos=1.9637 vel=5.3547)  lr=3.00e-04  t=82s
  ✓ New best val_loss=2.4992 saved to race-car/WorldModel/checkpoints/model_a_lg_best.pt
Epoch 057/5000  train_loss=2.4662 (pos=1.9493 vel=5.1687)  val_loss=2.4887 (pos=1.9577 vel=5.3102)  lr=3.00e-04  t=82s
  ✓ New best val_loss=2.4887 saved to race-car/WorldModel/checkpoints/model_a_lg_best.pt
Epoch 058/5000  train_loss=2.4635 (pos=1.9466 vel=5.1687)  val_loss=2.4912 (pos=1.9580 vel=5.3319)  lr=3.00e-04  t=82s
Epoch 059/5000  train_loss=2.4594 (pos=1.9434 vel=5.1603)  val_loss=2.4823 (pos=1.9518 vel=5.3051)  lr=3.00e-04  t=82s
  ✓ New best val_loss=2.4823 saved to race-car/WorldModel/checkpoints/model_a_lg_best.pt
Epoch 060/5000  train_loss=2.4513 (pos=1.9382 vel=5.1314)  val_loss=2.4827 (pos=1.9490 vel=5.3364)  lr=3.00e-04  t=82s
Epoch 061/5000  train_loss=2.4468 (pos=1.9348 vel=5.1200)  val_loss=2.4745 (pos=1.9464 vel=5.2812)  lr=3.00e-04  t=82s
  ✓ New best val_loss=2.4745 saved to race-car/WorldModel/checkpoints/model_a_lg_best.pt
Epoch 062/5000  train_loss=2.4441 (pos=1.9322 vel=5.1193)  val_loss=2.4646 (pos=1.9399 vel=5.2465)  lr=3.00e-04  t=82s
  ✓ New best val_loss=2.4646 saved to race-car/WorldModel/checkpoints/model_a_lg_best.pt
Epoch 063/5000  train_loss=2.4385 (pos=1.9283 vel=5.1012)  val_loss=2.4616 (pos=1.9379 vel=5.2363)  lr=3.00e-04  t=82s
  ✓ New best val_loss=2.4616 saved to race-car/WorldModel/checkpoints/model_a_lg_best.pt
Epoch 064/5000  train_loss=2.4328 (pos=1.9241 vel=5.0862)  val_loss=2.4709 (pos=1.9393 vel=5.3158)  lr=3.00e-04  t=82s
Epoch 065/5000  train_loss=2.4292 (pos=1.9210 vel=5.0820)  val_loss=2.4662 (pos=1.9363 vel=5.2993)  lr=3.00e-04  t=82s
Epoch 066/5000  train_loss=2.4290 (pos=1.9202 vel=5.0874)  val_loss=2.4536 (pos=1.9299 vel=5.2372)  lr=3.00e-04  t=82s
  ✓ New best val_loss=2.4536 saved to race-car/WorldModel/checkpoints/model_a_lg_best.pt
Epoch 067/5000  train_loss=2.4213 (pos=1.9150 vel=5.0629)  val_loss=2.4662 (pos=1.9355 vel=5.3075)  lr=3.00e-04  t=82s
Epoch 068/5000  train_loss=2.4181 (pos=1.9123 vel=5.0580)  val_loss=2.4454 (pos=1.9238 vel=5.2152)  lr=3.00e-04  t=82s
  ✓ New best val_loss=2.4454 saved to race-car/WorldModel/checkpoints/model_a_lg_best.pt
Epoch 069/5000  train_loss=2.4117 (pos=1.9077 vel=5.0390)  val_loss=2.4470 (pos=1.9240 vel=5.2303)  lr=3.00e-04  t=82s
Epoch 070/5000  train_loss=2.4081 (pos=1.9054 vel=5.0267)  val_loss=2.4409 (pos=1.9195 vel=5.2143)  lr=3.00e-04  t=83s
  ✓ New best val_loss=2.4409 saved to race-car/WorldModel/checkpoints/model_a_lg_best.pt
Epoch 071/5000  train_loss=2.4016 (pos=1.9010 vel=5.0061)  val_loss=2.4356 (pos=1.9157 vel=5.1990)  lr=3.00e-04  t=82s
  ✓ New best val_loss=2.4356 saved to race-car/WorldModel/checkpoints/model_a_lg_best.pt
Epoch 072/5000  train_loss=2.4012 (pos=1.9001 vel=5.0105)  val_loss=2.4275 (pos=1.9119 vel=5.1564)  lr=3.00e-04  t=82s
  ✓ New best val_loss=2.4275 saved to race-car/WorldModel/checkpoints/model_a_lg_best.pt
Epoch 073/5000  train_loss=2.3957 (pos=1.8965 vel=4.9926)  val_loss=2.4377 (pos=1.9154 vel=5.2231)  lr=3.00e-04  t=82s
Epoch 074/5000  train_loss=2.3925 (pos=1.8940 vel=4.9847)  val_loss=2.4147 (pos=1.9015 vel=5.1314)  lr=3.00e-04  t=81s
  ✓ New best val_loss=2.4147 saved to race-car/WorldModel/checkpoints/model_a_lg_best.pt
Epoch 075/5000  train_loss=2.3904 (pos=1.8917 vel=4.9869)  val_loss=2.4230 (pos=1.9041 vel=5.1886)  lr=3.00e-04  t=82s
Epoch 076/5000  train_loss=2.3841 (pos=1.8875 vel=4.9658)  val_loss=2.4206 (pos=1.9051 vel=5.1547)  lr=3.00e-04  t=82s
Epoch 077/5000  train_loss=2.3837 (pos=1.8866 vel=4.9706)  val_loss=2.4123 (pos=1.8983 vel=5.1406)  lr=3.00e-04  t=82s
  ✓ New best val_loss=2.4123 saved to race-car/WorldModel/checkpoints/model_a_lg_best.pt
Epoch 078/5000  train_loss=2.3793 (pos=1.8834 vel=4.9592)  val_loss=2.4220 (pos=1.9033 vel=5.1871)  lr=3.00e-04  t=82s
Epoch 079/5000  train_loss=2.3759 (pos=1.8814 vel=4.9447)  val_loss=2.4088 (pos=1.8971 vel=5.1169)  lr=3.00e-04  t=82s
  ✓ New best val_loss=2.4088 saved to race-car/WorldModel/checkpoints/model_a_lg_best.pt
Epoch 080/5000  train_loss=2.3695 (pos=1.8769 vel=4.9255)  val_loss=2.4044 (pos=1.8914 vel=5.1292)  lr=3.00e-04  t=82s
  ✓ New best val_loss=2.4044 saved to race-car/WorldModel/checkpoints/model_a_lg_best.pt
Epoch 081/5000  train_loss=2.3696 (pos=1.8763 vel=4.9333)  val_loss=2.4129 (pos=1.8968 vel=5.1607)  lr=3.00e-04  t=82s
Epoch 082/5000  train_loss=2.3636 (pos=1.8725 vel=4.9105)  val_loss=2.4001 (pos=1.8892 vel=5.1083)  lr=3.00e-04  t=82s
  ✓ New best val_loss=2.4001 saved to race-car/WorldModel/checkpoints/model_a_lg_best.pt
Epoch 083/5000  train_loss=2.3610 (pos=1.8703 vel=4.9070)  val_loss=2.3939 (pos=1.8852 vel=5.0871)  lr=3.00e-04  t=82s
  ✓ New best val_loss=2.3939 saved to race-car/WorldModel/checkpoints/model_a_lg_best.pt
Epoch 084/5000  train_loss=2.3684 (pos=1.8749 vel=4.9347)  val_loss=2.4447 (pos=1.9175 vel=5.2722)  lr=3.00e-04  t=82s
Epoch 085/5000  train_loss=3.6410 (pos=2.7188 vel=9.2227)  val_loss=2.4401 (pos=1.9165 vel=5.2360)  lr=3.00e-04  t=82s
Epoch 086/5000  train_loss=2.3825 (pos=1.8838 vel=4.9869)  val_loss=2.4159 (pos=1.8948 vel=5.2104)  lr=3.00e-04  t=82s
Epoch 087/5000  train_loss=2.3595 (pos=1.8682 vel=4.9129)  val_loss=2.3929 (pos=1.8833 vel=5.0965)  lr=3.00e-04  t=82s
  ✓ New best val_loss=2.3929 saved to race-car/WorldModel/checkpoints/model_a_lg_best.pt
Epoch 088/5000  train_loss=2.3542 (pos=1.8644 vel=4.8979)  val_loss=2.3877 (pos=1.8798 vel=5.0796)  lr=3.00e-04  t=82s
  ✓ New best val_loss=2.3877 saved to race-car/WorldModel/checkpoints/model_a_lg_best.pt
Epoch 089/5000  train_loss=2.3507 (pos=1.8624 vel=4.8835)  val_loss=2.3805 (pos=1.8755 vel=5.0500)  lr=3.00e-04  t=82s
  ✓ New best val_loss=2.3805 saved to race-car/WorldModel/checkpoints/model_a_lg_best.pt
Epoch 090/5000  train_loss=2.3455 (pos=1.8581 vel=4.8746)  val_loss=2.3858 (pos=1.8757 vel=5.1005)  lr=3.00e-04  t=82s
Epoch 091/5000  train_loss=2.3415 (pos=1.8552 vel=4.8632)  val_loss=2.3742 (pos=1.8691 vel=5.0509)  lr=3.00e-04  t=82s
  ✓ New best val_loss=2.3742 saved to race-car/WorldModel/checkpoints/model_a_lg_best.pt
Epoch 092/5000  train_loss=2.3400 (pos=1.8540 vel=4.8600)  val_loss=2.3830 (pos=1.8752 vel=5.0781)  lr=3.00e-04  t=82s
Epoch 093/5000  train_loss=2.3359 (pos=1.8513 vel=4.8465)  val_loss=2.3729 (pos=1.8684 vel=5.0447)  lr=3.00e-04  t=82s
  ✓ New best val_loss=2.3729 saved to race-car/WorldModel/checkpoints/model_a_lg_best.pt
Epoch 094/5000  train_loss=2.3320 (pos=1.8485 vel=4.8352)  val_loss=2.3726 (pos=1.8681 vel=5.0444)  lr=3.00e-04  t=82s
  ✓ New best val_loss=2.3726 saved to race-car/WorldModel/checkpoints/model_a_lg_best.pt
Epoch 095/5000  train_loss=2.3319 (pos=1.8481 vel=4.8374)  val_loss=2.3911 (pos=1.8786 vel=5.1253)  lr=3.00e-04  t=82s
Epoch 096/5000  train_loss=2.3380 (pos=1.8517 vel=4.8636)  val_loss=2.3653 (pos=1.8640 vel=5.0128)  lr=3.00e-04  t=82s
  ✓ New best val_loss=2.3653 saved to race-car/WorldModel/checkpoints/model_a_lg_best.pt
Epoch 097/5000  train_loss=2.3273 (pos=1.8446 vel=4.8275)  val_loss=2.3638 (pos=1.8618 vel=5.0203)  lr=3.00e-04  t=82s
  ✓ New best val_loss=2.3638 saved to race-car/WorldModel/checkpoints/model_a_lg_best.pt
Epoch 098/5000  train_loss=2.3245 (pos=1.8426 vel=4.8199)  val_loss=2.3727 (pos=1.8664 vel=5.0625)  lr=3.00e-04  t=82s
Epoch 099/5000  train_loss=2.3216 (pos=1.8404 vel=4.8121)  val_loss=2.3739 (pos=1.8675 vel=5.0645)  lr=3.00e-04  t=82s
Epoch 100/5000  train_loss=2.3205 (pos=1.8397 vel=4.8078)  val_loss=2.3616 (pos=1.8592 vel=5.0236)  lr=3.00e-04  t=82s
  ✓ New best val_loss=2.3616 saved to race-car/WorldModel/checkpoints/model_a_lg_best.pt
Epoch 101/5000  train_loss=2.3219 (pos=1.8402 vel=4.8168)  val_loss=2.3671 (pos=1.8623 vel=5.0488)  lr=3.00e-04  t=82s
Epoch 102/5000  train_loss=2.3176 (pos=1.8370 vel=4.8055)  val_loss=2.5496 (pos=1.9642 vel=5.8542)  lr=3.00e-04  t=82s
Epoch 103/5000  train_loss=7.3185 (pos=5.8540 vel=14.6447)  val_loss=2.8745 (pos=2.1512 vel=7.2337)  lr=3.00e-04  t=82s
Epoch 104/5000  train_loss=2.7970 (pos=2.1224 vel=6.7466)  val_loss=2.3945 (pos=1.8832 vel=5.1136)  lr=3.00e-04  t=82s
Epoch 105/5000  train_loss=2.3489 (pos=1.8579 vel=4.9099)  val_loss=2.3644 (pos=1.8618 vel=5.0262)  lr=3.00e-04  t=82s
Epoch 106/5000  train_loss=2.3295 (pos=1.8453 vel=4.8421)  val_loss=2.3644 (pos=1.8595 vel=5.0489)  lr=3.00e-04  t=82s
Epoch 107/5000  train_loss=2.3226 (pos=1.8398 vel=4.8278)  val_loss=2.3546 (pos=1.8546 vel=4.9997)  lr=3.00e-04  t=82s
  ✓ New best val_loss=2.3546 saved to race-car/WorldModel/checkpoints/model_a_lg_best.pt
Epoch 108/5000  train_loss=2.3121 (pos=1.8328 vel=4.7933)  val_loss=2.3503 (pos=1.8503 vel=4.9991)  lr=3.00e-04  t=82s
  ✓ New best val_loss=2.3503 saved to race-car/WorldModel/checkpoints/model_a_lg_best.pt
Epoch 109/5000  train_loss=2.3090 (pos=1.8303 vel=4.7867)  val_loss=2.3590 (pos=1.8561 vel=5.0284)  lr=3.00e-04  t=82s
Epoch 110/5000  train_loss=2.3038 (pos=1.8269 vel=4.7694)  val_loss=2.3375 (pos=1.8438 vel=4.9371)  lr=3.00e-04  t=82s
  ✓ New best val_loss=2.3375 saved to race-car/WorldModel/checkpoints/model_a_lg_best.pt
Epoch 111/5000  train_loss=2.3021 (pos=1.8253 vel=4.7680)  val_loss=2.3379 (pos=1.8410 vel=4.9687)  lr=3.00e-04  t=82s
Epoch 112/5000  train_loss=2.2979 (pos=1.8222 vel=4.7572)  val_loss=2.3364 (pos=1.8422 vel=4.9426)  lr=3.00e-04  t=82s
  ✓ New best val_loss=2.3364 saved to race-car/WorldModel/checkpoints/model_a_lg_best.pt
Epoch 113/5000  train_loss=2.3011 (pos=1.8246 vel=4.7646)  val_loss=2.3327 (pos=1.8391 vel=4.9364)  lr=3.00e-04  t=82s
  ✓ New best val_loss=2.3327 saved to race-car/WorldModel/checkpoints/model_a_lg_best.pt
Epoch 114/5000  train_loss=2.2929 (pos=1.8187 vel=4.7426)  val_loss=2.3310 (pos=1.8378 vel=4.9328)  lr=3.00e-04  t=82s
  ✓ New best val_loss=2.3310 saved to race-car/WorldModel/checkpoints/model_a_lg_best.pt
Epoch 115/5000  train_loss=2.2955 (pos=1.8202 vel=4.7528)  val_loss=2.3366 (pos=1.8413 vel=4.9532)  lr=3.00e-04  t=82s
Epoch 116/5000  train_loss=2.2905 (pos=1.8165 vel=4.7402)  val_loss=2.3419 (pos=1.8428 vel=4.9919)  lr=3.00e-04  t=82s
Epoch 117/5000  train_loss=2.2884 (pos=1.8149 vel=4.7354)  val_loss=2.3280 (pos=1.8342 vel=4.9377)  lr=3.00e-04  t=82s
  ✓ New best val_loss=2.3280 saved to race-car/WorldModel/checkpoints/model_a_lg_best.pt
Epoch 118/5000  train_loss=2.2884 (pos=1.8144 vel=4.7399)  val_loss=2.3224 (pos=1.8300 vel=4.9231)  lr=3.00e-04  t=82s
  ✓ New best val_loss=2.3224 saved to race-car/WorldModel/checkpoints/model_a_lg_best.pt
Epoch 119/5000  train_loss=2.2852 (pos=1.8124 vel=4.7278)  val_loss=2.3241 (pos=1.8313 vel=4.9277)  lr=3.00e-04  t=82s
Epoch 120/5000  train_loss=2.2811 (pos=1.8095 vel=4.7163)  val_loss=2.3316 (pos=1.8353 vel=4.9628)  lr=3.00e-04  t=82s
Epoch 121/5000  train_loss=2.2804 (pos=1.8089 vel=4.7153)  val_loss=2.3180 (pos=1.8274 vel=4.9057)  lr=3.00e-04  t=82s
  ✓ New best val_loss=2.3180 saved to race-car/WorldModel/checkpoints/model_a_lg_best.pt
Epoch 122/5000  train_loss=2.2826 (pos=1.8100 vel=4.7252)  val_loss=2.3326 (pos=1.8345 vel=4.9805)  lr=3.00e-04  t=82s
Epoch 123/5000  train_loss=2.2778 (pos=1.8068 vel=4.7106)  val_loss=2.3254 (pos=1.8324 vel=4.9305)  lr=3.00e-04  t=82s
Epoch 124/5000  train_loss=2.2757 (pos=1.8051 vel=4.7054)  val_loss=2.3149 (pos=1.8243 vel=4.9056)  lr=3.00e-04  t=82s
  ✓ New best val_loss=2.3149 saved to race-car/WorldModel/checkpoints/model_a_lg_best.pt
Epoch 125/5000  train_loss=2.2721 (pos=1.8023 vel=4.6974)  val_loss=2.3111 (pos=1.8222 vel=4.8889)  lr=3.00e-04  t=82s
  ✓ New best val_loss=2.3111 saved to race-car/WorldModel/checkpoints/model_a_lg_best.pt
Epoch 126/5000  train_loss=3.7180 (pos=2.9616 vel=7.5635)  val_loss=5.6481 (pos=4.0216 vel=16.2643)  lr=3.00e-04  t=82s
Epoch 127/5000  train_loss=2.8203 (pos=2.1442 vel=6.7612)  val_loss=2.3559 (pos=1.8517 vel=5.0422)  lr=3.00e-04  t=82s
Epoch 128/5000  train_loss=2.2956 (pos=1.8180 vel=4.7756)  val_loss=2.3209 (pos=1.8295 vel=4.9138)  lr=3.00e-04  t=82s
Epoch 129/5000  train_loss=2.3022 (pos=1.8235 vel=4.7868)  val_loss=2.3411 (pos=1.8414 vel=4.9980)  lr=3.00e-04  t=81s
Epoch 130/5000  train_loss=2.2748 (pos=1.8041 vel=4.7073)  val_loss=2.3122 (pos=1.8222 vel=4.9000)  lr=3.00e-04  t=82s
Epoch 131/5000  train_loss=2.2728 (pos=1.8023 vel=4.7044)  val_loss=2.3182 (pos=1.8255 vel=4.9275)  lr=3.00e-04  t=82s
Epoch 132/5000  train_loss=2.2668 (pos=1.7981 vel=4.6872)  val_loss=2.3137 (pos=1.8214 vel=4.9230)  lr=3.00e-04  t=82s
Epoch 133/5000  train_loss=2.2627 (pos=1.7951 vel=4.6764)  val_loss=2.3067 (pos=1.8171 vel=4.8956)  lr=3.00e-04  t=82s
  ✓ New best val_loss=2.3067 saved to race-car/WorldModel/checkpoints/model_a_lg_best.pt
Epoch 134/5000  train_loss=4.6747 (pos=3.5694 vel=11.0530)  val_loss=7.9220 (pos=6.1308 vel=17.9120)  lr=2.99e-04  t=82s
Epoch 135/5000  train_loss=3.7837 (pos=2.7903 vel=9.9345)  val_loss=2.3887 (pos=1.8733 vel=5.1545)  lr=2.99e-04  t=82s
Epoch 136/5000  train_loss=2.3083 (pos=1.8262 vel=4.8207)  val_loss=2.3308 (pos=1.8320 vel=4.9882)  lr=2.99e-04  t=82s
Epoch 137/5000  train_loss=2.2759 (pos=1.8042 vel=4.7172)  val_loss=2.3122 (pos=1.8225 vel=4.8970)  lr=2.99e-04  t=82s
Epoch 138/5000  train_loss=2.2676 (pos=1.7981 vel=4.6955)  val_loss=2.3028 (pos=1.8149 vel=4.8783)  lr=2.99e-04  t=82s
  ✓ New best val_loss=2.3028 saved to race-car/WorldModel/checkpoints/model_a_lg_best.pt
Epoch 139/5000  train_loss=2.2621 (pos=1.7946 vel=4.6744)  val_loss=2.3082 (pos=1.8175 vel=4.9068)  lr=2.99e-04  t=82s
Epoch 140/5000  train_loss=2.2595 (pos=1.7925 vel=4.6702)  val_loss=2.3026 (pos=1.8140 vel=4.8854)  lr=2.99e-04  t=82s
  ✓ New best val_loss=2.3026 saved to race-car/WorldModel/checkpoints/model_a_lg_best.pt
Epoch 141/5000  train_loss=2.2545 (pos=1.7888 vel=4.6566)  val_loss=2.2947 (pos=1.8093 vel=4.8539)  lr=2.99e-04  t=82s
  ✓ New best val_loss=2.2947 saved to race-car/WorldModel/checkpoints/model_a_lg_best.pt
Epoch 142/5000  train_loss=2.2550 (pos=1.7888 vel=4.6622)  val_loss=2.2990 (pos=1.8124 vel=4.8659)  lr=2.99e-04  t=82s
Epoch 143/5000  train_loss=2.2550 (pos=1.7885 vel=4.6653)  val_loss=2.2944 (pos=1.8084 vel=4.8592)  lr=2.99e-04  t=81s
  ✓ New best val_loss=2.2944 saved to race-car/WorldModel/checkpoints/model_a_lg_best.pt
Epoch 144/5000  train_loss=2.2499 (pos=1.7848 vel=4.6504)  val_loss=2.2959 (pos=1.8089 vel=4.8696)  lr=2.99e-04  t=82s
Epoch 145/5000  train_loss=2.2478 (pos=1.7835 vel=4.6434)  val_loss=2.2978 (pos=1.8112 vel=4.8656)  lr=2.99e-04  t=81s
Epoch 146/5000  train_loss=2.2507 (pos=1.7850 vel=4.6566)  val_loss=2.2960 (pos=1.8090 vel=4.8695)  lr=2.99e-04  t=82s
Epoch 147/5000  train_loss=2.2455 (pos=1.7816 vel=4.6390)  val_loss=2.2970 (pos=1.8111 vel=4.8590)  lr=2.99e-04  t=82s
Epoch 148/5000  train_loss=2.2433 (pos=1.7803 vel=4.6298)  val_loss=2.2954 (pos=1.8087 vel=4.8663)  lr=2.99e-04  t=81s
Epoch 149/5000  train_loss=2.2451 (pos=1.7810 vel=4.6410)  val_loss=2.2891 (pos=1.8043 vel=4.8482)  lr=2.99e-04  t=81s
  ✓ New best val_loss=2.2891 saved to race-car/WorldModel/checkpoints/model_a_lg_best.pt
Epoch 150/5000  train_loss=2.2383 (pos=1.7765 vel=4.6181)  val_loss=2.2832 (pos=1.8010 vel=4.8219)  lr=2.99e-04  t=81s
  ✓ New best val_loss=2.2832 saved to race-car/WorldModel/checkpoints/model_a_lg_best.pt
Epoch 151/5000  train_loss=2.2443 (pos=1.7802 vel=4.6410)  val_loss=2.2905 (pos=1.8040 vel=4.8651)  lr=2.99e-04  t=82s
Epoch 152/5000  train_loss=2.2402 (pos=1.7778 vel=4.6244)  val_loss=2.2956 (pos=1.8064 vel=4.8918)  lr=2.99e-04  t=82s
Epoch 153/5000  train_loss=2.9776 (pos=2.2932 vel=6.8438)  val_loss=2.3870 (pos=1.8737 vel=5.1332)  lr=2.99e-04  t=82s
Epoch 154/5000  train_loss=2.2667 (pos=1.7960 vel=4.7071)  val_loss=2.2966 (pos=1.8093 vel=4.8732)  lr=2.99e-04  t=82s
Epoch 155/5000  train_loss=2.2414 (pos=1.7781 vel=4.6331)  val_loss=2.2817 (pos=1.7990 vel=4.8271)  lr=2.99e-04  t=82s
  ✓ New best val_loss=2.2817 saved to race-car/WorldModel/checkpoints/model_a_lg_best.pt
Epoch 156/5000  train_loss=2.2348 (pos=1.7734 vel=4.6140)  val_loss=2.2834 (pos=1.7991 vel=4.8431)  lr=2.99e-04  t=82s
Epoch 157/5000  train_loss=2.8253 (pos=2.1670 vel=6.5828)  val_loss=2.8193 (pos=2.1550 vel=6.6431)  lr=2.99e-04  t=82s
Epoch 158/5000  train_loss=2.3015 (pos=1.8180 vel=4.8343)  val_loss=2.2856 (pos=1.8005 vel=4.8513)  lr=2.99e-04  t=82s
Epoch 159/5000  train_loss=2.2367 (pos=1.7741 vel=4.6260)  val_loss=2.2833 (pos=1.8005 vel=4.8285)  lr=2.99e-04  t=82s
Epoch 160/5000  train_loss=2.2335 (pos=1.7723 vel=4.6121)  val_loss=2.2765 (pos=1.7957 vel=4.8079)  lr=2.99e-04  t=82s
  ✓ New best val_loss=2.2765 saved to race-car/WorldModel/checkpoints/model_a_lg_best.pt
Epoch 161/5000  train_loss=2.2290 (pos=1.7691 vel=4.5998)  val_loss=2.2763 (pos=1.7944 vel=4.8192)  lr=2.99e-04  t=82s
  ✓ New best val_loss=2.2763 saved to race-car/WorldModel/checkpoints/model_a_lg_best.pt
Epoch 162/5000  train_loss=2.2275 (pos=1.7677 vel=4.5979)  val_loss=2.2720 (pos=1.7919 vel=4.8006)  lr=2.99e-04  t=82s
  ✓ New best val_loss=2.2720 saved to race-car/WorldModel/checkpoints/model_a_lg_best.pt
Epoch 163/5000  train_loss=2.2266 (pos=1.7673 vel=4.5926)  val_loss=2.2755 (pos=1.7929 vel=4.8261)  lr=2.99e-04  t=82s
Epoch 164/5000  train_loss=2.2292 (pos=1.7689 vel=4.6026)  val_loss=2.2737 (pos=1.7916 vel=4.8207)  lr=2.99e-04  t=81s
Epoch 165/5000  train_loss=2.2253 (pos=1.7656 vel=4.5978)  val_loss=2.2724 (pos=1.7916 vel=4.8075)  lr=2.99e-04  t=82s
Epoch 166/5000  train_loss=2.2229 (pos=1.7639 vel=4.5905)  val_loss=2.2658 (pos=1.7862 vel=4.7960)  lr=2.99e-04  t=81s
  ✓ New best val_loss=2.2658 saved to race-car/WorldModel/checkpoints/model_a_lg_best.pt
Epoch 167/5000  train_loss=2.2203 (pos=1.7621 vel=4.5819)  val_loss=2.2974 (pos=1.8082 vel=4.8922)  lr=2.99e-04  t=82s
Epoch 168/5000  train_loss=2.2367 (pos=1.7743 vel=4.6243)  val_loss=2.2648 (pos=1.7856 vel=4.7923)  lr=2.99e-04  t=82s
  ✓ New best val_loss=2.2648 saved to race-car/WorldModel/checkpoints/model_a_lg_best.pt
Epoch 169/5000  train_loss=2.2172 (pos=1.7599 vel=4.5729)  val_loss=2.2747 (pos=1.7923 vel=4.8244)  lr=2.99e-04  t=81s
Epoch 170/5000  train_loss=2.2185 (pos=1.7609 vel=4.5757)  val_loss=2.2723 (pos=1.7899 vel=4.8233)  lr=2.99e-04  t=82s
Epoch 171/5000  train_loss=2.2219 (pos=1.7630 vel=4.5888)  val_loss=2.2621 (pos=1.7834 vel=4.7869)  lr=2.99e-04  t=82s
  ✓ New best val_loss=2.2621 saved to race-car/WorldModel/checkpoints/model_a_lg_best.pt
Epoch 172/5000  train_loss=2.2147 (pos=1.7577 vel=4.5694)  val_loss=2.2640 (pos=1.7842 vel=4.7988)  lr=2.99e-04  t=82s
Epoch 173/5000  train_loss=2.2158 (pos=1.7584 vel=4.5737)  val_loss=2.2758 (pos=1.7924 vel=4.8339)  lr=2.99e-04  t=81s
Epoch 174/5000  train_loss=2.2111 (pos=1.7552 vel=4.5591)  val_loss=2.2603 (pos=1.7818 vel=4.7852)  lr=2.99e-04  t=82s
  ✓ New best val_loss=2.2603 saved to race-car/WorldModel/checkpoints/model_a_lg_best.pt
Epoch 175/5000  train_loss=2.2115 (pos=1.7552 vel=4.5632)  val_loss=2.2598 (pos=1.7818 vel=4.7795)  lr=2.99e-04  t=82s
  ✓ New best val_loss=2.2598 saved to race-car/WorldModel/checkpoints/model_a_lg_best.pt
Epoch 176/5000  train_loss=2.2085 (pos=1.7530 vel=4.5549)  val_loss=2.2650 (pos=1.7849 vel=4.8014)  lr=2.99e-04  t=82s
Epoch 177/5000  train_loss=2.2105 (pos=1.7540 vel=4.5643)  val_loss=2.2618 (pos=1.7822 vel=4.7967)  lr=2.99e-04  t=82s
Epoch 178/5000  train_loss=3.2297 (pos=2.5083 vel=7.2145)  val_loss=2.8644 (pos=2.1790 vel=6.8539)  lr=2.99e-04  t=82s
Epoch 179/5000  train_loss=2.8472 (pos=2.1884 vel=6.5879)  val_loss=2.2832 (pos=1.7988 vel=4.8437)  lr=2.99e-04  t=82s
Epoch 180/5000  train_loss=2.2260 (pos=1.7646 vel=4.6143)  val_loss=2.2673 (pos=1.7857 vel=4.8161)  lr=2.99e-04  t=82s
Epoch 181/5000  train_loss=2.2112 (pos=1.7545 vel=4.5677)  val_loss=2.2634 (pos=1.7831 vel=4.8026)  lr=2.99e-04  t=82s
Epoch 182/5000  train_loss=2.2058 (pos=1.7508 vel=4.5499)  val_loss=2.2603 (pos=1.7820 vel=4.7828)  lr=2.99e-04  t=82s
Epoch 183/5000  train_loss=2.2072 (pos=1.7517 vel=4.5552)  val_loss=2.2860 (pos=1.7998 vel=4.8619)  lr=2.99e-04  t=82s
Epoch 184/5000  train_loss=2.2103 (pos=1.7539 vel=4.5636)  val_loss=2.2546 (pos=1.7760 vel=4.7859)  lr=2.99e-04  t=82s
  ✓ New best val_loss=2.2546 saved to race-car/WorldModel/checkpoints/model_a_lg_best.pt
Epoch 185/5000  train_loss=2.7347 (pos=2.1247 vel=6.0995)  val_loss=4.4243 (pos=3.3561 vel=10.6817)  lr=2.99e-04  t=82s
Epoch 186/5000  train_loss=3.9386 (pos=3.0535 vel=8.8507)  val_loss=2.2943 (pos=1.8057 vel=4.8854)  lr=2.99e-04  t=82s
Epoch 187/5000  train_loss=2.2363 (pos=1.7726 vel=4.6364)  val_loss=2.2597 (pos=1.7823 vel=4.7743)  lr=2.99e-04  t=82s
Epoch 188/5000  train_loss=2.2097 (pos=1.7534 vel=4.5629)  val_loss=2.2630 (pos=1.7835 vel=4.7950)  lr=2.99e-04  t=82s
Epoch 189/5000  train_loss=2.2055 (pos=1.7502 vel=4.5534)  val_loss=2.2490 (pos=1.7730 vel=4.7602)  lr=2.99e-04  t=81s
  ✓ New best val_loss=2.2490 saved to race-car/WorldModel/checkpoints/model_a_lg_best.pt
Epoch 190/5000  train_loss=2.2059 (pos=1.7506 vel=4.5522)  val_loss=2.2571 (pos=1.7788 vel=4.7835)  lr=2.99e-04  t=82s
Epoch 191/5000  train_loss=2.9736 (pos=2.3097 vel=6.6384)  val_loss=8.0316 (pos=6.0745 vel=19.5704)  lr=2.99e-04  t=82s
Epoch 192/5000  train_loss=3.0294 (pos=2.3275 vel=7.0192)  val_loss=2.2622 (pos=1.7817 vel=4.8048)  lr=2.99e-04  t=82s
Epoch 193/5000  train_loss=2.2062 (pos=1.7503 vel=4.5589)  val_loss=2.2613 (pos=1.7804 vel=4.8085)  lr=2.99e-04  t=82s
Epoch 194/5000  train_loss=2.2024 (pos=1.7474 vel=4.5495)  val_loss=2.2562 (pos=1.7782 vel=4.7803)  lr=2.99e-04  t=81s
Epoch 195/5000  train_loss=2.1990 (pos=1.7450 vel=4.5398)  val_loss=2.2459 (pos=1.7697 vel=4.7617)  lr=2.99e-04  t=81s
  ✓ New best val_loss=2.2459 saved to race-car/WorldModel/checkpoints/model_a_lg_best.pt
Epoch 196/5000  train_loss=2.1949 (pos=1.7421 vel=4.5283)  val_loss=2.2455 (pos=1.7707 vel=4.7480)  lr=2.99e-04  t=82s
  ✓ New best val_loss=2.2455 saved to race-car/WorldModel/checkpoints/model_a_lg_best.pt
Epoch 197/5000  train_loss=3.2523 (pos=2.5798 vel=6.7250)  val_loss=9.2580 (pos=7.1434 vel=21.1452)  lr=2.99e-04  t=82s
Epoch 198/5000  train_loss=3.8642 (pos=2.9715 vel=8.9267)  val_loss=2.6252 (pos=2.0340 vel=5.9117)  lr=2.99e-04  t=81s
Epoch 199/5000  train_loss=2.3397 (pos=1.8476 vel=4.9206)  val_loss=2.2886 (pos=1.8015 vel=4.8704)  lr=2.99e-04  t=82s
Epoch 200/5000  train_loss=2.2217 (pos=1.7605 vel=4.6119)  val_loss=2.2580 (pos=1.7779 vel=4.8015)  lr=2.99e-04  t=82s
Epoch 201/5000  train_loss=2.2025 (pos=1.7471 vel=4.5537)  val_loss=2.2491 (pos=1.7724 vel=4.7665)  lr=2.99e-04  t=81s
Epoch 202/5000  train_loss=2.1938 (pos=1.7413 vel=4.5252)  val_loss=2.2455 (pos=1.7705 vel=4.7494)  lr=2.99e-04  t=82s
Epoch 203/5000  train_loss=2.1933 (pos=1.7405 vel=4.5272)  val_loss=2.2440 (pos=1.7691 vel=4.7489)  lr=2.99e-04  t=81s
  ✓ New best val_loss=2.2440 saved to race-car/WorldModel/checkpoints/model_a_lg_best.pt
Epoch 204/5000  train_loss=2.1894 (pos=1.7379 vel=4.5153)  val_loss=2.2533 (pos=1.7748 vel=4.7851)  lr=2.99e-04  t=81s
Epoch 205/5000  train_loss=2.1884 (pos=1.7372 vel=4.5118)  val_loss=2.2416 (pos=1.7672 vel=4.7442)  lr=2.99e-04  t=82s
  ✓ New best val_loss=2.2416 saved to race-car/WorldModel/checkpoints/model_a_lg_best.pt
Epoch 206/5000  train_loss=2.2212 (pos=1.7615 vel=4.5979)  val_loss=2.2572 (pos=1.7768 vel=4.8042)  lr=2.99e-04  t=82s
Epoch 207/5000  train_loss=2.1888 (pos=1.7373 vel=4.5153)  val_loss=2.2432 (pos=1.7676 vel=4.7569)  lr=2.99e-04  t=82s
Epoch 208/5000  train_loss=2.1875 (pos=1.7361 vel=4.5134)  val_loss=2.2423 (pos=1.7674 vel=4.7497)  lr=2.99e-04  t=82s
Epoch 209/5000  train_loss=2.1850 (pos=1.7346 vel=4.5040)  val_loss=2.2396 (pos=1.7659 vel=4.7373)  lr=2.99e-04  t=82s
  ✓ New best val_loss=2.2396 saved to race-car/WorldModel/checkpoints/model_a_lg_best.pt
Epoch 210/5000  train_loss=2.1833 (pos=1.7331 vel=4.5014)  val_loss=2.2391 (pos=1.7656 vel=4.7353)  lr=2.99e-04  t=82s
  ✓ New best val_loss=2.2391 saved to race-car/WorldModel/checkpoints/model_a_lg_best.pt
Epoch 211/5000  train_loss=2.1813 (pos=1.7317 vel=4.4958)  val_loss=2.2388 (pos=1.7643 vel=4.7453)  lr=2.99e-04  t=81s
  ✓ New best val_loss=2.2388 saved to race-car/WorldModel/checkpoints/model_a_lg_best.pt
Epoch 212/5000  train_loss=2.1805 (pos=1.7311 vel=4.4934)  val_loss=2.2322 (pos=1.7604 vel=4.7186)  lr=2.99e-04  t=82s
  ✓ New best val_loss=2.2322 saved to race-car/WorldModel/checkpoints/model_a_lg_best.pt
Epoch 213/5000  train_loss=2.1795 (pos=1.7299 vel=4.4962)  val_loss=2.2364 (pos=1.7635 vel=4.7289)  lr=2.99e-04  t=82s
Epoch 214/5000  train_loss=2.1997 (pos=1.7446 vel=4.5507)  val_loss=2.2456 (pos=1.7709 vel=4.7466)  lr=2.99e-04  t=81s
Epoch 215/5000  train_loss=2.1828 (pos=1.7325 vel=4.5037)  val_loss=2.2448 (pos=1.7667 vel=4.7809)  lr=2.99e-04  t=82s
Epoch 216/5000  train_loss=2.1814 (pos=1.7316 vel=4.4987)  val_loss=2.2366 (pos=1.7617 vel=4.7491)  lr=2.99e-04  t=81s
Epoch 217/5000  train_loss=2.1907 (pos=1.7380 vel=4.5264)  val_loss=2.2415 (pos=1.7654 vel=4.7603)  lr=2.99e-04  t=82s
Epoch 218/5000  train_loss=2.1796 (pos=1.7307 vel=4.4892)  val_loss=2.2327 (pos=1.7599 vel=4.7274)  lr=2.99e-04  t=81s
Epoch 219/5000  train_loss=2.1779 (pos=1.7289 vel=4.4899)  val_loss=2.2444 (pos=1.7689 vel=4.7550)  lr=2.99e-04  t=82s
Epoch 220/5000  train_loss=2.1759 (pos=1.7271 vel=4.4882)  val_loss=2.2313 (pos=1.7590 vel=4.7227)  lr=2.99e-04  t=82s
  ✓ New best val_loss=2.2313 saved to race-car/WorldModel/checkpoints/model_a_lg_best.pt
Epoch 221/5000  train_loss=2.1782 (pos=1.7288 vel=4.4940)  val_loss=2.2317 (pos=1.7589 vel=4.7285)  lr=2.99e-04  t=82s
Epoch 222/5000  train_loss=2.1731 (pos=1.7253 vel=4.4783)  val_loss=2.2351 (pos=1.7598 vel=4.7532)  lr=2.99e-04  t=81s
Epoch 223/5000  train_loss=2.1724 (pos=1.7247 vel=4.4769)  val_loss=2.2309 (pos=1.7584 vel=4.7244)  lr=2.99e-04  t=82s
  ✓ New best val_loss=2.2309 saved to race-car/WorldModel/checkpoints/model_a_lg_best.pt
Epoch 224/5000  train_loss=2.1727 (pos=1.7252 vel=4.4751)  val_loss=2.2265 (pos=1.7556 vel=4.7090)  lr=2.99e-04  t=82s
  ✓ New best val_loss=2.2265 saved to race-car/WorldModel/checkpoints/model_a_lg_best.pt
Epoch 225/5000  train_loss=3.6224 (pos=2.8505 vel=7.7187)  val_loss=2.3077 (pos=1.8140 vel=4.9366)  lr=2.99e-04  t=81s
Epoch 226/5000  train_loss=2.1974 (pos=1.7424 vel=4.5500)  val_loss=2.2312 (pos=1.7587 vel=4.7245)  lr=2.99e-04  t=82s
Epoch 227/5000  train_loss=2.1773 (pos=1.7277 vel=4.4964)  val_loss=2.2354 (pos=1.7605 vel=4.7495)  lr=2.99e-04  t=82s
Epoch 228/5000  train_loss=2.1733 (pos=1.7252 vel=4.4810)  val_loss=2.2603 (pos=1.7778 vel=4.8245)  lr=2.99e-04  t=81s
Epoch 229/5000  train_loss=2.1782 (pos=1.7283 vel=4.4982)  val_loss=2.2313 (pos=1.7573 vel=4.7403)  lr=2.99e-04  t=82s
Epoch 230/5000  train_loss=2.1722 (pos=1.7239 vel=4.4832)  val_loss=2.2477 (pos=1.7698 vel=4.7792)  lr=2.99e-04  t=81s
Epoch 231/5000  train_loss=2.1689 (pos=1.7217 vel=4.4717)  val_loss=2.2312 (pos=1.7580 vel=4.7320)  lr=2.99e-04  t=81s
Epoch 232/5000  train_loss=2.1675 (pos=1.7207 vel=4.4678)  val_loss=2.2342 (pos=1.7592 vel=4.7501)  lr=2.98e-04  t=82s
Epoch 233/5000  train_loss=2.1677 (pos=1.7211 vel=4.4666)  val_loss=2.2251 (pos=1.7534 vel=4.7172)  lr=2.98e-04  t=82s
  ✓ New best val_loss=2.2251 saved to race-car/WorldModel/checkpoints/model_a_lg_best.pt
Epoch 234/5000  train_loss=2.1662 (pos=1.7195 vel=4.4671)  val_loss=2.2249 (pos=1.7535 vel=4.7133)  lr=2.98e-04  t=81s
  ✓ New best val_loss=2.2249 saved to race-car/WorldModel/checkpoints/model_a_lg_best.pt
Epoch 235/5000  train_loss=2.1610 (pos=1.7160 vel=4.4504)  val_loss=2.2177 (pos=1.7480 vel=4.6965)  lr=2.98e-04  t=81s
  ✓ New best val_loss=2.2177 saved to race-car/WorldModel/checkpoints/model_a_lg_best.pt
Epoch 236/5000  train_loss=2.1637 (pos=1.7180 vel=4.4571)  val_loss=2.2221 (pos=1.7508 vel=4.7129)  lr=2.98e-04  t=82s
Epoch 237/5000  train_loss=2.1629 (pos=1.7172 vel=4.4572)  val_loss=2.2280 (pos=1.7543 vel=4.7370)  lr=2.98e-04  t=82s
Epoch 238/5000  train_loss=2.1687 (pos=1.7208 vel=4.4783)  val_loss=2.2402 (pos=1.7644 vel=4.7581)  lr=2.98e-04  t=82s
Epoch 239/5000  train_loss=2.1618 (pos=1.7163 vel=4.4545)  val_loss=2.2241 (pos=1.7536 vel=4.7054)  lr=2.98e-04  t=82s
Epoch 240/5000  train_loss=2.1593 (pos=1.7145 vel=4.4485)  val_loss=2.2220 (pos=1.7503 vel=4.7171)  lr=2.98e-04  t=82s
Epoch 241/5000  train_loss=2.1733 (pos=1.7245 vel=4.4884)  val_loss=2.2285 (pos=1.7567 vel=4.7182)  lr=2.98e-04  t=82s
Epoch 242/5000  train_loss=2.1657 (pos=1.7187 vel=4.4694)  val_loss=2.2265 (pos=1.7534 vel=4.7310)  lr=2.98e-04  t=81s
Epoch 243/5000  train_loss=2.1590 (pos=1.7142 vel=4.4484)  val_loss=2.2219 (pos=1.7503 vel=4.7161)  lr=2.98e-04  t=82s
Epoch 244/5000  train_loss=2.1560 (pos=1.7120 vel=4.4395)  val_loss=2.2214 (pos=1.7499 vel=4.7156)  lr=2.98e-04  t=82s
Epoch 245/5000  train_loss=2.1565 (pos=1.7121 vel=4.4438)  val_loss=2.2491 (pos=1.7684 vel=4.8071)  lr=2.98e-04  t=82s
Early stopping at epoch 245 (no improvement for 10 epochs).

Training complete.  Best val_loss=2.2177
