Device: cuda
Loading laneshift_dataset.npz …
  split=train  games=8100  segments=156190
Loading laneshift_dataset.npz …
  split=val  games=1000  segments=18822
Model: model_c  |  Parameters: 117,810
Epoch 001/5000  train_loss=5.5334 (pos=3.6251 vel=19.0829)  val_loss=5.2548 (pos=3.4861 vel=17.6874)  lr=3.00e-04  t=93s
  ✓ New best val_loss=5.2548 saved to race-car/WorldModel/checkpoints/model_c_best.pt
Epoch 002/5000  train_loss=5.1252 (pos=3.4061 vel=17.1912)  val_loss=5.0061 (pos=3.3292 vel=16.7689)  lr=3.00e-04  t=92s
  ✓ New best val_loss=5.0061 saved to race-car/WorldModel/checkpoints/model_c_best.pt
Epoch 003/5000  train_loss=4.9749 (pos=3.3053 vel=16.6959)  val_loss=4.9208 (pos=3.2737 vel=16.4708)  lr=3.00e-04  t=92s
  ✓ New best val_loss=4.9208 saved to race-car/WorldModel/checkpoints/model_c_best.pt
Epoch 004/5000  train_loss=4.9139 (pos=3.2669 vel=16.4705)  val_loss=4.8738 (pos=3.2457 vel=16.2814)  lr=3.00e-04  t=92s
  ✓ New best val_loss=4.8738 saved to race-car/WorldModel/checkpoints/model_c_best.pt
Epoch 005/5000  train_loss=4.8739 (pos=3.2351 vel=16.3884)  val_loss=4.8350 (pos=3.2089 vel=16.2603)  lr=3.00e-04  t=92s
  ✓ New best val_loss=4.8350 saved to race-car/WorldModel/checkpoints/model_c_best.pt
Epoch 006/5000  train_loss=4.8381 (pos=3.2066 vel=16.3147)  val_loss=4.8010 (pos=3.1904 vel=16.1061)  lr=3.00e-04  t=92s
  ✓ New best val_loss=4.8010 saved to race-car/WorldModel/checkpoints/model_c_best.pt
Epoch 007/5000  train_loss=4.8067 (pos=3.1867 vel=16.2005)  val_loss=4.7697 (pos=3.1667 vel=16.0303)  lr=3.00e-04  t=92s
  ✓ New best val_loss=4.7697 saved to race-car/WorldModel/checkpoints/model_c_best.pt
Epoch 008/5000  train_loss=4.7706 (pos=3.1615 vel=16.0903)  val_loss=4.7503 (pos=3.1468 vel=16.0349)  lr=3.00e-04  t=92s
  ✓ New best val_loss=4.7503 saved to race-car/WorldModel/checkpoints/model_c_best.pt
Epoch 009/5000  train_loss=4.7499 (pos=3.1437 vel=16.0623)  val_loss=4.7348 (pos=3.1310 vel=16.0376)  lr=3.00e-04  t=92s
  ✓ New best val_loss=4.7348 saved to race-car/WorldModel/checkpoints/model_c_best.pt
Epoch 010/5000  train_loss=4.7214 (pos=3.1258 vel=15.9561)  val_loss=4.6993 (pos=3.1114 vel=15.8790)  lr=3.00e-04  t=92s
  ✓ New best val_loss=4.6993 saved to race-car/WorldModel/checkpoints/model_c_best.pt
Epoch 011/5000  train_loss=4.6733 (pos=3.0911 vel=15.8225)  val_loss=4.6344 (pos=3.0613 vel=15.7310)  lr=3.00e-04  t=92s
  ✓ New best val_loss=4.6344 saved to race-car/WorldModel/checkpoints/model_c_best.pt
Epoch 012/5000  train_loss=4.6120 (pos=3.0556 vel=15.5638)  val_loss=4.5754 (pos=3.0332 vel=15.4227)  lr=3.00e-04  t=92s
  ✓ New best val_loss=4.5754 saved to race-car/WorldModel/checkpoints/model_c_best.pt
Epoch 013/5000  train_loss=4.5785 (pos=3.0347 vel=15.4381)  val_loss=4.5532 (pos=3.0187 vel=15.3451)  lr=3.00e-04  t=92s
  ✓ New best val_loss=4.5532 saved to race-car/WorldModel/checkpoints/model_c_best.pt
Epoch 014/5000  train_loss=4.5461 (pos=3.0166 vel=15.2955)  val_loss=4.5356 (pos=3.0116 vel=15.2398)  lr=3.00e-04  t=92s
  ✓ New best val_loss=4.5356 saved to race-car/WorldModel/checkpoints/model_c_best.pt
Epoch 015/5000  train_loss=4.5211 (pos=3.0028 vel=15.1831)  val_loss=4.5269 (pos=2.9985 vel=15.2833)  lr=3.00e-04  t=92s
  ✓ New best val_loss=4.5269 saved to race-car/WorldModel/checkpoints/model_c_best.pt
Epoch 016/5000  train_loss=4.5063 (pos=2.9949 vel=15.1135)  val_loss=4.5005 (pos=2.9862 vel=15.1429)  lr=3.00e-04  t=92s
  ✓ New best val_loss=4.5005 saved to race-car/WorldModel/checkpoints/model_c_best.pt
Epoch 017/5000  train_loss=4.4956 (pos=2.9877 vel=15.0788)  val_loss=4.4815 (pos=2.9791 vel=15.0243)  lr=3.00e-04  t=92s
  ✓ New best val_loss=4.4815 saved to race-car/WorldModel/checkpoints/model_c_best.pt
Epoch 018/5000  train_loss=4.4802 (pos=2.9796 vel=15.0061)  val_loss=4.4744 (pos=2.9736 vel=15.0079)  lr=3.00e-04  t=92s
  ✓ New best val_loss=4.4744 saved to race-car/WorldModel/checkpoints/model_c_best.pt
Epoch 019/5000  train_loss=4.4669 (pos=2.9721 vel=14.9486)  val_loss=4.4600 (pos=2.9659 vel=14.9414)  lr=3.00e-04  t=92s
  ✓ New best val_loss=4.4600 saved to race-car/WorldModel/checkpoints/model_c_best.pt
Epoch 020/5000  train_loss=4.4590 (pos=2.9664 vel=14.9257)  val_loss=4.4599 (pos=2.9634 vel=14.9654)  lr=3.00e-04  t=92s
  ✓ New best val_loss=4.4599 saved to race-car/WorldModel/checkpoints/model_c_best.pt
Epoch 021/5000  train_loss=4.4447 (pos=2.9584 vel=14.8632)  val_loss=4.4441 (pos=2.9569 vel=14.8720)  lr=3.00e-04  t=92s
  ✓ New best val_loss=4.4441 saved to race-car/WorldModel/checkpoints/model_c_best.pt
Epoch 022/5000  train_loss=4.4454 (pos=2.9550 vel=14.9049)  val_loss=4.4452 (pos=2.9539 vel=14.9128)  lr=3.00e-04  t=92s
Epoch 023/5000  train_loss=4.4351 (pos=2.9505 vel=14.8454)  val_loss=4.4231 (pos=2.9393 vel=14.8379)  lr=3.00e-04  t=92s
  ✓ New best val_loss=4.4231 saved to race-car/WorldModel/checkpoints/model_c_best.pt
Epoch 024/5000  train_loss=4.4244 (pos=2.9442 vel=14.8022)  val_loss=4.4266 (pos=2.9427 vel=14.8389)  lr=3.00e-04  t=92s
Epoch 025/5000  train_loss=4.4175 (pos=2.9396 vel=14.7787)  val_loss=4.4050 (pos=2.9305 vel=14.7457)  lr=3.00e-04  t=92s
  ✓ New best val_loss=4.4050 saved to race-car/WorldModel/checkpoints/model_c_best.pt
Epoch 026/5000  train_loss=4.4108 (pos=2.9345 vel=14.7632)  val_loss=4.4105 (pos=2.9275 vel=14.8298)  lr=3.00e-04  t=91s
Epoch 027/5000  train_loss=4.4061 (pos=2.9313 vel=14.7478)  val_loss=4.3874 (pos=2.9201 vel=14.6730)  lr=3.00e-04  t=92s
  ✓ New best val_loss=4.3874 saved to race-car/WorldModel/checkpoints/model_c_best.pt
Epoch 028/5000  train_loss=4.3959 (pos=2.9257 vel=14.7022)  val_loss=4.4050 (pos=2.9198 vel=14.8525)  lr=3.00e-04  t=92s
Epoch 029/5000  train_loss=4.3926 (pos=2.9218 vel=14.7081)  val_loss=4.3920 (pos=2.9225 vel=14.6948)  lr=3.00e-04  t=92s
Epoch 030/5000  train_loss=4.3874 (pos=2.9177 vel=14.6976)  val_loss=4.3786 (pos=2.9113 vel=14.6723)  lr=3.00e-04  t=92s
  ✓ New best val_loss=4.3786 saved to race-car/WorldModel/checkpoints/model_c_best.pt
Epoch 031/5000  train_loss=4.3791 (pos=2.9134 vel=14.6569)  val_loss=4.3892 (pos=2.9139 vel=14.7534)  lr=3.00e-04  t=92s
Epoch 032/5000  train_loss=4.3717 (pos=2.9080 vel=14.6371)  val_loss=4.3770 (pos=2.9131 vel=14.6392)  lr=3.00e-04  t=91s
  ✓ New best val_loss=4.3770 saved to race-car/WorldModel/checkpoints/model_c_best.pt
Epoch 033/5000  train_loss=4.3716 (pos=2.9083 vel=14.6326)  val_loss=4.3624 (pos=2.8995 vel=14.6282)  lr=3.00e-04  t=92s
  ✓ New best val_loss=4.3624 saved to race-car/WorldModel/checkpoints/model_c_best.pt
Epoch 034/5000  train_loss=4.3571 (pos=2.9000 vel=14.5708)  val_loss=4.3655 (pos=2.8968 vel=14.6866)  lr=3.00e-04  t=91s
Epoch 035/5000  train_loss=4.3577 (pos=2.8979 vel=14.5983)  val_loss=4.3546 (pos=2.8924 vel=14.6226)  lr=3.00e-04  t=92s
  ✓ New best val_loss=4.3546 saved to race-car/WorldModel/checkpoints/model_c_best.pt
Epoch 036/5000  train_loss=4.3529 (pos=2.8954 vel=14.5742)  val_loss=4.3438 (pos=2.8879 vel=14.5588)  lr=3.00e-04  t=92s
  ✓ New best val_loss=4.3438 saved to race-car/WorldModel/checkpoints/model_c_best.pt
Epoch 037/5000  train_loss=4.3500 (pos=2.8924 vel=14.5766)  val_loss=4.3419 (pos=2.8818 vel=14.6008)  lr=3.00e-04  t=92s
  ✓ New best val_loss=4.3419 saved to race-car/WorldModel/checkpoints/model_c_best.pt
Epoch 038/5000  train_loss=4.3418 (pos=2.8879 vel=14.5389)  val_loss=4.3493 (pos=2.8915 vel=14.5783)  lr=3.00e-04  t=92s
Epoch 039/5000  train_loss=4.3429 (pos=2.8857 vel=14.5717)  val_loss=4.3425 (pos=2.8862 vel=14.5631)  lr=3.00e-04  t=92s
Epoch 040/5000  train_loss=4.3405 (pos=2.8847 vel=14.5578)  val_loss=4.3586 (pos=2.8842 vel=14.7442)  lr=3.00e-04  t=92s
Epoch 041/5000  train_loss=4.3429 (pos=2.8832 vel=14.5971)  val_loss=4.3339 (pos=2.8784 vel=14.5549)  lr=3.00e-04  t=92s
  ✓ New best val_loss=4.3339 saved to race-car/WorldModel/checkpoints/model_c_best.pt
Epoch 042/5000  train_loss=4.3338 (pos=2.8798 vel=14.5404)  val_loss=4.3345 (pos=2.8779 vel=14.5657)  lr=3.00e-04  t=92s
Epoch 043/5000  train_loss=4.3268 (pos=2.8764 vel=14.5038)  val_loss=4.3209 (pos=2.8696 vel=14.5125)  lr=3.00e-04  t=92s
  ✓ New best val_loss=4.3209 saved to race-car/WorldModel/checkpoints/model_c_best.pt
Epoch 044/5000  train_loss=4.3194 (pos=2.8717 vel=14.4768)  val_loss=4.3180 (pos=2.8653 vel=14.5268)  lr=3.00e-04  t=92s
  ✓ New best val_loss=4.3180 saved to race-car/WorldModel/checkpoints/model_c_best.pt
Epoch 045/5000  train_loss=4.3143 (pos=2.8679 vel=14.4642)  val_loss=4.3124 (pos=2.8639 vel=14.4849)  lr=3.00e-04  t=91s
  ✓ New best val_loss=4.3124 saved to race-car/WorldModel/checkpoints/model_c_best.pt
Epoch 046/5000  train_loss=4.3092 (pos=2.8642 vel=14.4500)  val_loss=4.3170 (pos=2.8632 vel=14.5375)  lr=3.00e-04  t=92s
Epoch 047/5000  train_loss=4.3091 (pos=2.8629 vel=14.4620)  val_loss=4.2980 (pos=2.8533 vel=14.4472)  lr=3.00e-04  t=92s
  ✓ New best val_loss=4.2980 saved to race-car/WorldModel/checkpoints/model_c_best.pt
Epoch 048/5000  train_loss=4.3048 (pos=2.8601 vel=14.4473)  val_loss=4.3040 (pos=2.8585 vel=14.4552)  lr=3.00e-04  t=92s
Epoch 049/5000  train_loss=4.3076 (pos=2.8604 vel=14.4725)  val_loss=4.2965 (pos=2.8508 vel=14.4573)  lr=3.00e-04  t=92s
  ✓ New best val_loss=4.2965 saved to race-car/WorldModel/checkpoints/model_c_best.pt
Epoch 050/5000  train_loss=4.3081 (pos=2.8592 vel=14.4885)  val_loss=4.3035 (pos=2.8502 vel=14.5330)  lr=3.00e-04  t=92s
Epoch 051/5000  train_loss=4.3172 (pos=2.8662 vel=14.5108)  val_loss=4.2981 (pos=2.8540 vel=14.4409)  lr=3.00e-04  t=92s
Epoch 052/5000  train_loss=4.2961 (pos=2.8536 vel=14.4249)  val_loss=4.2847 (pos=2.8421 vel=14.4257)  lr=3.00e-04  t=92s
  ✓ New best val_loss=4.2847 saved to race-car/WorldModel/checkpoints/model_c_best.pt
Epoch 053/5000  train_loss=4.2909 (pos=2.8495 vel=14.4143)  val_loss=4.2889 (pos=2.8442 vel=14.4477)  lr=3.00e-04  t=91s
Epoch 054/5000  train_loss=4.2965 (pos=2.8516 vel=14.4494)  val_loss=4.2974 (pos=2.8463 vel=14.5113)  lr=3.00e-04  t=92s
Epoch 055/5000  train_loss=4.2869 (pos=2.8464 vel=14.4045)  val_loss=4.2814 (pos=2.8411 vel=14.4034)  lr=3.00e-04  t=92s
  ✓ New best val_loss=4.2814 saved to race-car/WorldModel/checkpoints/model_c_best.pt
Epoch 056/5000  train_loss=4.2849 (pos=2.8447 vel=14.4026)  val_loss=4.3445 (pos=2.8609 vel=14.8354)  lr=3.00e-04  t=92s
Epoch 057/5000  train_loss=4.2888 (pos=2.8456 vel=14.4326)  val_loss=4.2778 (pos=2.8337 vel=14.4406)  lr=3.00e-04  t=91s
  ✓ New best val_loss=4.2778 saved to race-car/WorldModel/checkpoints/model_c_best.pt
Epoch 058/5000  train_loss=4.2801 (pos=2.8408 vel=14.3924)  val_loss=4.2899 (pos=2.8454 vel=14.4448)  lr=3.00e-04  t=91s
Epoch 059/5000  train_loss=4.2775 (pos=2.8391 vel=14.3848)  val_loss=4.3130 (pos=2.8571 vel=14.5587)  lr=3.00e-04  t=92s
Epoch 060/5000  train_loss=4.2806 (pos=2.8397 vel=14.4090)  val_loss=4.2777 (pos=2.8346 vel=14.4311)  lr=3.00e-04  t=91s
  ✓ New best val_loss=4.2777 saved to race-car/WorldModel/checkpoints/model_c_best.pt
Epoch 061/5000  train_loss=4.2769 (pos=2.8370 vel=14.3996)  val_loss=4.2755 (pos=2.8348 vel=14.4068)  lr=3.00e-04  t=92s
  ✓ New best val_loss=4.2755 saved to race-car/WorldModel/checkpoints/model_c_best.pt
Epoch 062/5000  train_loss=4.2732 (pos=2.8340 vel=14.3920)  val_loss=4.2722 (pos=2.8339 vel=14.3836)  lr=3.00e-04  t=92s
  ✓ New best val_loss=4.2722 saved to race-car/WorldModel/checkpoints/model_c_best.pt
Epoch 063/5000  train_loss=4.2670 (pos=2.8308 vel=14.3622)  val_loss=4.2647 (pos=2.8250 vel=14.3976)  lr=3.00e-04  t=91s
  ✓ New best val_loss=4.2647 saved to race-car/WorldModel/checkpoints/model_c_best.pt
Epoch 064/5000  train_loss=4.2670 (pos=2.8300 vel=14.3698)  val_loss=4.2858 (pos=2.8332 vel=14.5257)  lr=3.00e-04  t=92s
Epoch 065/5000  train_loss=4.2668 (pos=2.8300 vel=14.3681)  val_loss=4.2539 (pos=2.8191 vel=14.3472)  lr=3.00e-04  t=92s
  ✓ New best val_loss=4.2539 saved to race-car/WorldModel/checkpoints/model_c_best.pt
Epoch 066/5000  train_loss=4.2605 (pos=2.8262 vel=14.3427)  val_loss=4.2756 (pos=2.8333 vel=14.4231)  lr=3.00e-04  t=91s
Epoch 067/5000  train_loss=4.2743 (pos=2.8319 vel=14.4246)  val_loss=4.2733 (pos=2.8350 vel=14.3832)  lr=3.00e-04  t=92s
Epoch 068/5000  train_loss=4.2641 (pos=2.8272 vel=14.3697)  val_loss=4.2557 (pos=2.8198 vel=14.3594)  lr=3.00e-04  t=91s
Epoch 069/5000  train_loss=4.2612 (pos=2.8247 vel=14.3645)  val_loss=4.2622 (pos=2.8250 vel=14.3720)  lr=3.00e-04  t=92s
Epoch 070/5000  train_loss=4.2572 (pos=2.8222 vel=14.3497)  val_loss=4.2495 (pos=2.8156 vel=14.3395)  lr=3.00e-04  t=91s
  ✓ New best val_loss=4.2495 saved to race-car/WorldModel/checkpoints/model_c_best.pt
Epoch 071/5000  train_loss=4.2575 (pos=2.8213 vel=14.3620)  val_loss=4.2493 (pos=2.8160 vel=14.3333)  lr=3.00e-04  t=91s
  ✓ New best val_loss=4.2493 saved to race-car/WorldModel/checkpoints/model_c_best.pt
