Device: cuda  parser_dim=20
Loading laneshift_dataset.npz …
  split=train  games=8100  segments=156190
Loaded SensorParser cache (/zhome/2e/b/205201/Desktop/dm-i-ai-2025/laneshift_dataset.sensor_parser_feats.npz)
Loading laneshift_dataset.npz …
  split=val  games=1000  segments=18822
Loaded SensorParser cache (/zhome/2e/b/205201/Desktop/dm-i-ai-2025/laneshift_dataset.sensor_parser_feats.npz)
Model: ModelALgWithParser  |  Parameters: 814,162
Epoch 001/5000  train_loss=5.3400  val_loss=4.9487  lr=1.00e-03  t=86s
  ✓ best val_loss=4.9487 → race-car/WorldModel/checkpoints/model_a_lg_parser_best.pt
Epoch 002/5000  train_loss=4.5941  val_loss=4.2180  lr=1.00e-03  t=77s
  ✓ best val_loss=4.2180 → race-car/WorldModel/checkpoints/model_a_lg_parser_best.pt
Epoch 003/5000  train_loss=3.9051  val_loss=3.6284  lr=1.00e-03  t=79s
  ✓ best val_loss=3.6284 → race-car/WorldModel/checkpoints/model_a_lg_parser_best.pt
Epoch 004/5000  train_loss=3.3516  val_loss=3.1367  lr=1.00e-03  t=78s
  ✓ best val_loss=3.1367 → race-car/WorldModel/checkpoints/model_a_lg_parser_best.pt
Epoch 005/5000  train_loss=3.0179  val_loss=2.9058  lr=1.00e-03  t=80s
  ✓ best val_loss=2.9058 → race-car/WorldModel/checkpoints/model_a_lg_parser_best.pt
Epoch 006/5000  train_loss=2.8416  val_loss=2.7755  lr=1.00e-03  t=79s
  ✓ best val_loss=2.7755 → race-car/WorldModel/checkpoints/model_a_lg_parser_best.pt
Epoch 007/5000  train_loss=2.7272  val_loss=2.6933  lr=1.00e-03  t=70s
  ✓ best val_loss=2.6933 → race-car/WorldModel/checkpoints/model_a_lg_parser_best.pt
Epoch 008/5000  train_loss=2.6560  val_loss=2.6393  lr=1.00e-03  t=69s
  ✓ best val_loss=2.6393 → race-car/WorldModel/checkpoints/model_a_lg_parser_best.pt
Epoch 009/5000  train_loss=2.5987  val_loss=2.5840  lr=1.00e-03  t=74s
  ✓ best val_loss=2.5840 → race-car/WorldModel/checkpoints/model_a_lg_parser_best.pt
Epoch 010/5000  train_loss=2.5573  val_loss=2.5433  lr=1.00e-03  t=69s
  ✓ best val_loss=2.5433 → race-car/WorldModel/checkpoints/model_a_lg_parser_best.pt
Epoch 011/5000  train_loss=2.5222  val_loss=2.5136  lr=1.00e-03  t=74s
  ✓ best val_loss=2.5136 → race-car/WorldModel/checkpoints/model_a_lg_parser_best.pt
Epoch 012/5000  train_loss=2.4925  val_loss=2.4831  lr=1.00e-03  t=74s
  ✓ best val_loss=2.4831 → race-car/WorldModel/checkpoints/model_a_lg_parser_best.pt
Epoch 013/5000  train_loss=2.4721  val_loss=2.4852  lr=1.00e-03  t=80s
Epoch 014/5000  train_loss=2.4468  val_loss=2.4516  lr=1.00e-03  t=80s
  ✓ best val_loss=2.4516 → race-car/WorldModel/checkpoints/model_a_lg_parser_best.pt
Epoch 015/5000  train_loss=2.4306  val_loss=2.4309  lr=1.00e-03  t=77s
  ✓ best val_loss=2.4309 → race-car/WorldModel/checkpoints/model_a_lg_parser_best.pt
Epoch 016/5000  train_loss=2.4132  val_loss=2.4237  lr=1.00e-03  t=80s
  ✓ best val_loss=2.4237 → race-car/WorldModel/checkpoints/model_a_lg_parser_best.pt
Epoch 017/5000  train_loss=2.3947  val_loss=2.4024  lr=1.00e-03  t=80s
  ✓ best val_loss=2.4024 → race-car/WorldModel/checkpoints/model_a_lg_parser_best.pt
Epoch 018/5000  train_loss=2.3821  val_loss=2.3825  lr=1.00e-03  t=75s
  ✓ best val_loss=2.3825 → race-car/WorldModel/checkpoints/model_a_lg_parser_best.pt
Epoch 019/5000  train_loss=2.3659  val_loss=2.3731  lr=1.00e-03  t=75s
  ✓ best val_loss=2.3731 → race-car/WorldModel/checkpoints/model_a_lg_parser_best.pt
Epoch 020/5000  train_loss=2.3586  val_loss=2.3579  lr=1.00e-03  t=74s
  ✓ best val_loss=2.3579 → race-car/WorldModel/checkpoints/model_a_lg_parser_best.pt
Epoch 021/5000  train_loss=2.3444  val_loss=2.3433  lr=1.00e-03  t=80s
  ✓ best val_loss=2.3433 → race-car/WorldModel/checkpoints/model_a_lg_parser_best.pt
Epoch 022/5000  train_loss=2.3318  val_loss=2.3475  lr=1.00e-03  t=78s
Epoch 023/5000  train_loss=2.3208  val_loss=2.3347  lr=1.00e-03  t=80s
  ✓ best val_loss=2.3347 → race-car/WorldModel/checkpoints/model_a_lg_parser_best.pt
Epoch 024/5000  train_loss=2.3122  val_loss=2.3202  lr=1.00e-03  t=77s
  ✓ best val_loss=2.3202 → race-car/WorldModel/checkpoints/model_a_lg_parser_best.pt
Epoch 025/5000  train_loss=2.3013  val_loss=2.3121  lr=1.00e-03  t=80s
  ✓ best val_loss=2.3121 → race-car/WorldModel/checkpoints/model_a_lg_parser_best.pt
Epoch 026/5000  train_loss=2.2962  val_loss=2.3073  lr=1.00e-03  t=79s
  ✓ best val_loss=2.3073 → race-car/WorldModel/checkpoints/model_a_lg_parser_best.pt
Epoch 027/5000  train_loss=2.2896  val_loss=2.3113  lr=1.00e-03  t=69s
Epoch 028/5000  train_loss=2.2805  val_loss=2.2890  lr=1.00e-03  t=76s
  ✓ best val_loss=2.2890 → race-car/WorldModel/checkpoints/model_a_lg_parser_best.pt
Epoch 029/5000  train_loss=2.2706  val_loss=2.2858  lr=1.00e-03  t=80s
  ✓ best val_loss=2.2858 → race-car/WorldModel/checkpoints/model_a_lg_parser_best.pt
Epoch 030/5000  train_loss=2.2639  val_loss=2.2797  lr=1.00e-03  t=69s
  ✓ best val_loss=2.2797 → race-car/WorldModel/checkpoints/model_a_lg_parser_best.pt
Epoch 031/5000  train_loss=2.2575  val_loss=2.2705  lr=1.00e-03  t=72s
  ✓ best val_loss=2.2705 → race-car/WorldModel/checkpoints/model_a_lg_parser_best.pt
Epoch 032/5000  train_loss=2.2513  val_loss=2.2734  lr=1.00e-03  t=75s
Epoch 033/5000  train_loss=2.2438  val_loss=2.2589  lr=1.00e-03  t=78s
  ✓ best val_loss=2.2589 → race-car/WorldModel/checkpoints/model_a_lg_parser_best.pt
Epoch 034/5000  train_loss=2.2496  val_loss=2.2748  lr=1.00e-03  t=68s
Epoch 035/5000  train_loss=2.2344  val_loss=2.2537  lr=1.00e-03  t=70s
  ✓ best val_loss=2.2537 → race-car/WorldModel/checkpoints/model_a_lg_parser_best.pt
Epoch 036/5000  train_loss=2.2292  val_loss=2.2581  lr=1.00e-03  t=68s
Epoch 037/5000  train_loss=2.2246  val_loss=2.2514  lr=1.00e-03  t=77s
  ✓ best val_loss=2.2514 → race-car/WorldModel/checkpoints/model_a_lg_parser_best.pt
Epoch 038/5000  train_loss=2.2300  val_loss=2.2547  lr=1.00e-03  t=79s
Epoch 039/5000  train_loss=2.2338  val_loss=2.2520  lr=1.00e-03  t=80s
Epoch 040/5000  train_loss=2.2168  val_loss=2.2406  lr=1.00e-03  t=80s
  ✓ best val_loss=2.2406 → race-car/WorldModel/checkpoints/model_a_lg_parser_best.pt
Epoch 041/5000  train_loss=2.2088  val_loss=2.2406  lr=1.00e-03  t=80s
  ✓ best val_loss=2.2406 → race-car/WorldModel/checkpoints/model_a_lg_parser_best.pt
Epoch 042/5000  train_loss=2.3723  val_loss=2.2416  lr=1.00e-03  t=81s
Epoch 043/5000  train_loss=2.2046  val_loss=2.2216  lr=1.00e-03  t=78s
  ✓ best val_loss=2.2216 → race-car/WorldModel/checkpoints/model_a_lg_parser_best.pt
Epoch 044/5000  train_loss=2.2003  val_loss=2.2238  lr=1.00e-03  t=73s
Epoch 045/5000  train_loss=4.3533  val_loss=2.3783  lr=1.00e-03  t=75s
Epoch 046/5000  train_loss=2.2498  val_loss=2.2398  lr=1.00e-03  t=74s
Epoch 047/5000  train_loss=2.2037  val_loss=2.2202  lr=1.00e-03  t=80s
  ✓ best val_loss=2.2202 → race-car/WorldModel/checkpoints/model_a_lg_parser_best.pt
Epoch 048/5000  train_loss=2.2073  val_loss=2.2279  lr=1.00e-03  t=79s
Epoch 049/5000  train_loss=2.2007  val_loss=2.2082  lr=1.00e-03  t=77s
  ✓ best val_loss=2.2082 → race-car/WorldModel/checkpoints/model_a_lg_parser_best.pt
Epoch 050/5000  train_loss=2.1885  val_loss=2.2414  lr=1.00e-03  t=78s
Epoch 051/5000  train_loss=3.6388  val_loss=2.2646  lr=1.00e-03  t=78s
Epoch 052/5000  train_loss=2.2152  val_loss=2.2237  lr=1.00e-03  t=80s
Epoch 053/5000  train_loss=2.1863  val_loss=2.2000  lr=1.00e-03  t=79s
  ✓ best val_loss=2.2000 → race-car/WorldModel/checkpoints/model_a_lg_parser_best.pt
Epoch 054/5000  train_loss=2.1763  val_loss=2.2069  lr=1.00e-03  t=71s
Epoch 055/5000  train_loss=2.3646  val_loss=2.2183  lr=1.00e-03  t=78s
Epoch 056/5000  train_loss=2.1751  val_loss=2.1915  lr=1.00e-03  t=75s
  ✓ best val_loss=2.1915 → race-car/WorldModel/checkpoints/model_a_lg_parser_best.pt
Epoch 057/5000  train_loss=2.1650  val_loss=2.1854  lr=1.00e-03  t=74s
  ✓ best val_loss=2.1854 → race-car/WorldModel/checkpoints/model_a_lg_parser_best.pt
Epoch 058/5000  train_loss=2.1659  val_loss=2.1865  lr=1.00e-03  t=78s
Epoch 059/5000  train_loss=2.1569  val_loss=2.1910  lr=1.00e-03  t=73s
Epoch 060/5000  train_loss=2.1549  val_loss=2.2758  lr=1.00e-03  t=71s
Epoch 061/5000  train_loss=2.1554  val_loss=2.1741  lr=1.00e-03  t=80s
  ✓ best val_loss=2.1741 → race-car/WorldModel/checkpoints/model_a_lg_parser_best.pt
Epoch 062/5000  train_loss=2.1501  val_loss=2.1775  lr=1.00e-03  t=80s
Epoch 063/5000  train_loss=2.1441  val_loss=2.1773  lr=1.00e-03  t=80s
Epoch 064/5000  train_loss=2.1403  val_loss=2.1827  lr=1.00e-03  t=81s
Epoch 065/5000  train_loss=2.1533  val_loss=2.1695  lr=1.00e-03  t=79s
  ✓ best val_loss=2.1695 → race-car/WorldModel/checkpoints/model_a_lg_parser_best.pt
Epoch 066/5000  train_loss=2.1389  val_loss=2.1706  lr=1.00e-03  t=79s
Epoch 067/5000  train_loss=2.1365  val_loss=2.1700  lr=1.00e-03  t=78s
Epoch 068/5000  train_loss=2.1352  val_loss=2.1602  lr=1.00e-03  t=80s
  ✓ best val_loss=2.1602 → race-car/WorldModel/checkpoints/model_a_lg_parser_best.pt
Epoch 069/5000  train_loss=2.1321  val_loss=2.1688  lr=1.00e-03  t=80s
Epoch 070/5000  train_loss=2.1298  val_loss=2.1683  lr=1.00e-03  t=80s
Epoch 071/5000  train_loss=2.1273  val_loss=2.1555  lr=1.00e-03  t=78s
  ✓ best val_loss=2.1555 → race-car/WorldModel/checkpoints/model_a_lg_parser_best.pt
Epoch 072/5000  train_loss=2.1244  val_loss=2.1554  lr=1.00e-03  t=80s
Epoch 073/5000  train_loss=2.1249  val_loss=2.1578  lr=1.00e-03  t=74s
Epoch 074/5000  train_loss=2.1481  val_loss=2.1662  lr=9.99e-04  t=76s
Epoch 075/5000  train_loss=2.1247  val_loss=2.1573  lr=9.99e-04  t=70s
Epoch 076/5000  train_loss=2.1154  val_loss=2.1519  lr=9.99e-04  t=73s
  ✓ best val_loss=2.1519 → race-car/WorldModel/checkpoints/model_a_lg_parser_best.pt
Epoch 077/5000  train_loss=2.1148  val_loss=2.1524  lr=9.99e-04  t=78s
Epoch 078/5000  train_loss=2.1155  val_loss=2.1484  lr=9.99e-04  t=76s
  ✓ best val_loss=2.1484 → race-car/WorldModel/checkpoints/model_a_lg_parser_best.pt
Epoch 079/5000  train_loss=2.1116  val_loss=2.1578  lr=9.99e-04  t=81s
Epoch 080/5000  train_loss=2.1079  val_loss=2.1457  lr=9.99e-04  t=79s
  ✓ best val_loss=2.1457 → race-car/WorldModel/checkpoints/model_a_lg_parser_best.pt
Epoch 081/5000  train_loss=2.1131  val_loss=2.1481  lr=9.99e-04  t=79s
Epoch 082/5000  train_loss=2.1083  val_loss=2.1393  lr=9.99e-04  t=76s
  ✓ best val_loss=2.1393 → race-car/WorldModel/checkpoints/model_a_lg_parser_best.pt
Epoch 083/5000  train_loss=2.1069  val_loss=2.1378  lr=9.99e-04  t=81s
  ✓ best val_loss=2.1378 → race-car/WorldModel/checkpoints/model_a_lg_parser_best.pt
Epoch 084/5000  train_loss=2.1032  val_loss=2.1568  lr=9.99e-04  t=71s
Epoch 085/5000  train_loss=2.0985  val_loss=2.1375  lr=9.99e-04  t=79s
  ✓ best val_loss=2.1375 → race-car/WorldModel/checkpoints/model_a_lg_parser_best.pt
Epoch 086/5000  train_loss=2.1031  val_loss=2.1466  lr=9.99e-04  t=79s
Epoch 087/5000  train_loss=2.0993  val_loss=2.1395  lr=9.99e-04  t=80s
Epoch 088/5000  train_loss=2.0994  val_loss=2.1356  lr=9.99e-04  t=74s
  ✓ best val_loss=2.1356 → race-car/WorldModel/checkpoints/model_a_lg_parser_best.pt
Epoch 089/5000  train_loss=2.1000  val_loss=2.1375  lr=9.99e-04  t=71s
Epoch 090/5000  train_loss=2.0910  val_loss=2.1312  lr=9.99e-04  t=70s
  ✓ best val_loss=2.1312 → race-car/WorldModel/checkpoints/model_a_lg_parser_best.pt
Epoch 091/5000  train_loss=2.0944  val_loss=2.1477  lr=9.99e-04  t=71s
Epoch 092/5000  train_loss=2.1037  val_loss=2.1368  lr=9.99e-04  t=80s
Epoch 093/5000  train_loss=2.0895  val_loss=2.1272  lr=9.99e-04  t=79s
  ✓ best val_loss=2.1272 → race-car/WorldModel/checkpoints/model_a_lg_parser_best.pt
Epoch 094/5000  train_loss=2.0862  val_loss=2.1302  lr=9.99e-04  t=77s
Epoch 095/5000  train_loss=2.0850  val_loss=2.1331  lr=9.99e-04  t=79s
Epoch 096/5000  train_loss=2.0827  val_loss=2.1238  lr=9.99e-04  t=80s
  ✓ best val_loss=2.1238 → race-car/WorldModel/checkpoints/model_a_lg_parser_best.pt
Epoch 097/5000  train_loss=2.0826  val_loss=2.1253  lr=9.99e-04  t=79s
Epoch 098/5000  train_loss=2.0802  val_loss=2.1238  lr=9.99e-04  t=79s
  ✓ best val_loss=2.1238 → race-car/WorldModel/checkpoints/model_a_lg_parser_best.pt
Epoch 099/5000  train_loss=2.0810  val_loss=2.1288  lr=9.99e-04  t=79s
Epoch 100/5000  train_loss=2.0776  val_loss=2.1255  lr=9.99e-04  t=70s
Epoch 101/5000  train_loss=2.0767  val_loss=2.1227  lr=9.99e-04  t=76s
  ✓ best val_loss=2.1227 → race-car/WorldModel/checkpoints/model_a_lg_parser_best.pt
Epoch 102/5000  train_loss=2.0791  val_loss=2.1276  lr=9.99e-04  t=77s
Epoch 103/5000  train_loss=2.0845  val_loss=2.1346  lr=9.99e-04  t=75s
Epoch 104/5000  train_loss=2.0735  val_loss=2.1223  lr=9.99e-04  t=78s
  ✓ best val_loss=2.1223 → race-car/WorldModel/checkpoints/model_a_lg_parser_best.pt
Epoch 105/5000  train_loss=2.0821  val_loss=2.1348  lr=9.99e-04  t=80s
Epoch 106/5000  train_loss=2.0754  val_loss=2.1993  lr=9.99e-04  t=75s
Epoch 107/5000  train_loss=3.6510  val_loss=2.1433  lr=9.99e-04  t=80s
Epoch 108/5000  train_loss=2.0917  val_loss=2.1271  lr=9.99e-04  t=80s
Epoch 109/5000  train_loss=2.0779  val_loss=2.1214  lr=9.99e-04  t=80s
  ✓ best val_loss=2.1214 → race-car/WorldModel/checkpoints/model_a_lg_parser_best.pt
Epoch 110/5000  train_loss=2.0743  val_loss=2.1348  lr=9.99e-04  t=72s
Epoch 111/5000  train_loss=2.0726  val_loss=2.1316  lr=9.99e-04  t=80s
Epoch 112/5000  train_loss=2.0701  val_loss=2.1210  lr=9.99e-04  t=73s
  ✓ best val_loss=2.1210 → race-car/WorldModel/checkpoints/model_a_lg_parser_best.pt
Epoch 113/5000  train_loss=2.0672  val_loss=2.1228  lr=9.99e-04  t=79s
Epoch 114/5000  train_loss=2.0693  val_loss=2.1179  lr=9.99e-04  t=75s
  ✓ best val_loss=2.1179 → race-car/WorldModel/checkpoints/model_a_lg_parser_best.pt
Epoch 115/5000  train_loss=2.0628  val_loss=2.1156  lr=9.99e-04  t=70s
  ✓ best val_loss=2.1156 → race-car/WorldModel/checkpoints/model_a_lg_parser_best.pt
Epoch 116/5000  train_loss=2.0628  val_loss=2.1217  lr=9.99e-04  t=74s
Epoch 117/5000  train_loss=2.0756  val_loss=2.1226  lr=9.99e-04  t=69s
Epoch 118/5000  train_loss=2.0607  val_loss=2.1167  lr=9.99e-04  t=73s
Epoch 119/5000  train_loss=2.0637  val_loss=2.1151  lr=9.99e-04  t=79s
  ✓ best val_loss=2.1151 → race-car/WorldModel/checkpoints/model_a_lg_parser_best.pt
Epoch 120/5000  train_loss=2.0604  val_loss=2.1188  lr=9.99e-04  t=69s
Epoch 121/5000  train_loss=2.0607  val_loss=2.1150  lr=9.99e-04  t=77s
  ✓ best val_loss=2.1150 → race-car/WorldModel/checkpoints/model_a_lg_parser_best.pt
Epoch 122/5000  train_loss=2.0599  val_loss=2.1186  lr=9.99e-04  t=78s
Epoch 123/5000  train_loss=2.0568  val_loss=2.1128  lr=9.99e-04  t=80s
  ✓ best val_loss=2.1128 → race-car/WorldModel/checkpoints/model_a_lg_parser_best.pt
Epoch 124/5000  train_loss=2.0541  val_loss=2.1123  lr=9.99e-04  t=80s
  ✓ best val_loss=2.1123 → race-car/WorldModel/checkpoints/model_a_lg_parser_best.pt
Epoch 125/5000  train_loss=2.0640  val_loss=2.1163  lr=9.99e-04  t=80s
Epoch 126/5000  train_loss=2.0567  val_loss=2.1241  lr=9.99e-04  t=78s
Epoch 127/5000  train_loss=2.0540  val_loss=2.1119  lr=9.98e-04  t=80s
  ✓ best val_loss=2.1119 → race-car/WorldModel/checkpoints/model_a_lg_parser_best.pt
Epoch 128/5000  train_loss=2.0819  val_loss=2.1234  lr=9.98e-04  t=77s
Epoch 129/5000  train_loss=2.0595  val_loss=2.1382  lr=9.98e-04  t=78s
Epoch 130/5000  train_loss=2.1046  val_loss=2.1178  lr=9.98e-04  t=74s
Epoch 131/5000  train_loss=2.0562  val_loss=2.1159  lr=9.98e-04  t=80s
Epoch 132/5000  train_loss=2.0531  val_loss=2.1206  lr=9.98e-04  t=79s
Epoch 133/5000  train_loss=2.0723  val_loss=2.1257  lr=9.98e-04  t=71s
Epoch 134/5000  train_loss=2.0546  val_loss=2.1209  lr=9.98e-04  t=71s
Epoch 135/5000  train_loss=2.0507  val_loss=2.1126  lr=9.98e-04  t=80s
Epoch 136/5000  train_loss=2.0507  val_loss=2.1194  lr=9.98e-04  t=80s
Epoch 137/5000  train_loss=2.0478  val_loss=2.1127  lr=9.98e-04  t=74s
Early stopping.

Done. Best val_loss=2.1119
